Component: Arm Compiler for Embedded 6.18 Tool: armlink [5e4cc100]

==============================================================================

Section Cross References

    startup_stm32f103xb.o(RESET) refers to startup_stm32f103xb.o(STACK) for __initial_sp
    startup_stm32f103xb.o(RESET) refers to startup_stm32f103xb.o(.text) for Reset_Handler
    startup_stm32f103xb.o(RESET) refers to stm32f1xx_it.o(.text.NMI_Handler) for NMI_Handler
    startup_stm32f103xb.o(RESET) refers to stm32f1xx_it.o(.text.HardFault_Handler) for HardFault_Handler
    startup_stm32f103xb.o(RESET) refers to stm32f1xx_it.o(.text.MemManage_Handler) for MemManage_Handler
    startup_stm32f103xb.o(RESET) refers to stm32f1xx_it.o(.text.BusFault_Handler) for BusFault_Handler
    startup_stm32f103xb.o(RESET) refers to stm32f1xx_it.o(.text.UsageFault_Handler) for UsageFault_Handler
    startup_stm32f103xb.o(RESET) refers to stm32f1xx_it.o(.text.SVC_Handler) for SVC_Handler
    startup_stm32f103xb.o(RESET) refers to stm32f1xx_it.o(.text.DebugMon_Handler) for DebugMon_Handler
    startup_stm32f103xb.o(RESET) refers to stm32f1xx_it.o(.text.PendSV_Handler) for PendSV_Handler
    startup_stm32f103xb.o(RESET) refers to stm32f1xx_it.o(.text.SysTick_Handler) for SysTick_Handler
    startup_stm32f103xb.o(.text) refers to system_stm32f1xx.o(.text.SystemInit) for SystemInit
    startup_stm32f103xb.o(.text) refers to entry.o(.ARM.Collect$$$$00000000) for __main
    ds18b20.o(.text.DS18B20_IO_IN) refers to stm32f1xx_hal_gpio.o(.text.HAL_GPIO_Init) for HAL_GPIO_Init
    ds18b20.o(.ARM.exidx.text.DS18B20_IO_IN) refers to ds18b20.o(.text.DS18B20_IO_IN) for [Anonymous Symbol]
    ds18b20.o(.text.DS18B20_IO_OUT) refers to stm32f1xx_hal_gpio.o(.text.HAL_GPIO_Init) for HAL_GPIO_Init
    ds18b20.o(.ARM.exidx.text.DS18B20_IO_OUT) refers to ds18b20.o(.text.DS18B20_IO_OUT) for [Anonymous Symbol]
    ds18b20.o(.text.DS18B20_Reset) refers to stm32f1xx_hal_gpio.o(.text.HAL_GPIO_Init) for HAL_GPIO_Init
    ds18b20.o(.text.DS18B20_Reset) refers to stm32f1xx_hal_gpio.o(.text.HAL_GPIO_WritePin) for HAL_GPIO_WritePin
    ds18b20.o(.text.DS18B20_Reset) refers to tim.o(.text.HAL_Delay_us) for HAL_Delay_us
    ds18b20.o(.ARM.exidx.text.DS18B20_Reset) refers to ds18b20.o(.text.DS18B20_Reset) for [Anonymous Symbol]
    ds18b20.o(.text.DS18B20_Check) refers to stm32f1xx_hal_gpio.o(.text.HAL_GPIO_Init) for HAL_GPIO_Init
    ds18b20.o(.text.DS18B20_Check) refers to stm32f1xx_hal_gpio.o(.text.HAL_GPIO_ReadPin) for HAL_GPIO_ReadPin
    ds18b20.o(.text.DS18B20_Check) refers to tim.o(.text.HAL_Delay_us) for HAL_Delay_us
    ds18b20.o(.ARM.exidx.text.DS18B20_Check) refers to ds18b20.o(.text.DS18B20_Check) for [Anonymous Symbol]
    ds18b20.o(.text.DS18B20_Read_Bit) refers to stm32f1xx_hal_gpio.o(.text.HAL_GPIO_Init) for HAL_GPIO_Init
    ds18b20.o(.text.DS18B20_Read_Bit) refers to stm32f1xx_hal_gpio.o(.text.HAL_GPIO_WritePin) for HAL_GPIO_WritePin
    ds18b20.o(.text.DS18B20_Read_Bit) refers to tim.o(.text.HAL_Delay_us) for HAL_Delay_us
    ds18b20.o(.text.DS18B20_Read_Bit) refers to stm32f1xx_hal_gpio.o(.text.HAL_GPIO_ReadPin) for HAL_GPIO_ReadPin
    ds18b20.o(.ARM.exidx.text.DS18B20_Read_Bit) refers to ds18b20.o(.text.DS18B20_Read_Bit) for [Anonymous Symbol]
    ds18b20.o(.text.DS18B20_Read_Byte) refers to stm32f1xx_hal_gpio.o(.text.HAL_GPIO_Init) for HAL_GPIO_Init
    ds18b20.o(.text.DS18B20_Read_Byte) refers to stm32f1xx_hal_gpio.o(.text.HAL_GPIO_WritePin) for HAL_GPIO_WritePin
    ds18b20.o(.text.DS18B20_Read_Byte) refers to tim.o(.text.HAL_Delay_us) for HAL_Delay_us
    ds18b20.o(.text.DS18B20_Read_Byte) refers to stm32f1xx_hal_gpio.o(.text.HAL_GPIO_ReadPin) for HAL_GPIO_ReadPin
    ds18b20.o(.ARM.exidx.text.DS18B20_Read_Byte) refers to ds18b20.o(.text.DS18B20_Read_Byte) for [Anonymous Symbol]
    ds18b20.o(.text.DS18B20_Write_Byte) refers to stm32f1xx_hal_gpio.o(.text.HAL_GPIO_Init) for HAL_GPIO_Init
    ds18b20.o(.text.DS18B20_Write_Byte) refers to stm32f1xx_hal_gpio.o(.text.HAL_GPIO_WritePin) for HAL_GPIO_WritePin
    ds18b20.o(.text.DS18B20_Write_Byte) refers to tim.o(.text.HAL_Delay_us) for HAL_Delay_us
    ds18b20.o(.ARM.exidx.text.DS18B20_Write_Byte) refers to ds18b20.o(.text.DS18B20_Write_Byte) for [Anonymous Symbol]
    ds18b20.o(.text.DS18B20_Start) refers to stm32f1xx_hal_gpio.o(.text.HAL_GPIO_Init) for HAL_GPIO_Init
    ds18b20.o(.text.DS18B20_Start) refers to stm32f1xx_hal_gpio.o(.text.HAL_GPIO_WritePin) for HAL_GPIO_WritePin
    ds18b20.o(.text.DS18B20_Start) refers to tim.o(.text.HAL_Delay_us) for HAL_Delay_us
    ds18b20.o(.text.DS18B20_Start) refers to ds18b20.o(.text.DS18B20_Check) for DS18B20_Check
    ds18b20.o(.text.DS18B20_Start) refers to ds18b20.o(.text.DS18B20_Write_Byte) for DS18B20_Write_Byte
    ds18b20.o(.ARM.exidx.text.DS18B20_Start) refers to ds18b20.o(.text.DS18B20_Start) for [Anonymous Symbol]
    ds18b20.o(.text.DS18B20_Init) refers to stm32f1xx_hal_gpio.o(.text.HAL_GPIO_Init) for HAL_GPIO_Init
[...]
    Removing stm32f1xx_hal_tim.o(.ARM.exidx.text.HAL_TIM_GenerateEvent), (8 bytes).
    Removing stm32f1xx_hal_tim.o(.text.HAL_TIM_ConfigOCrefClear), (210 bytes).
    Removing stm32f1xx_hal_tim.o(.ARM.exidx.text.HAL_TIM_ConfigOCrefClear), (8 bytes).
    Removing stm32f1xx_hal_tim.o(.text.TIM_ETR_SetConfig), (22 bytes).
    Removing stm32f1xx_hal_tim.o(.ARM.exidx.text.TIM_ETR_SetConfig), (8 bytes).
    Removing stm32f1xx_hal_tim.o(.ARM.exidx.text.HAL_TIM_ConfigClockSource), (8 bytes).
    Removing stm32f1xx_hal_tim.o(.text.HAL_TIM_ConfigTI1Input), (16 bytes).
    Removing stm32f1xx_hal_tim.o(.ARM.exidx.text.HAL_TIM_ConfigTI1Input), (8 bytes).
    Removing stm32f1xx_hal_tim.o(.text.HAL_TIM_SlaveConfigSynchro), (88 bytes).
    Removing stm32f1xx_hal_tim.o(.ARM.exidx.text.HAL_TIM_SlaveConfigSynchro), (8 bytes).
    Removing stm32f1xx_hal_tim.o(.text.TIM_SlaveTimer_SetConfig), (204 bytes).
    Removing stm32f1xx_hal_tim.o(.ARM.exidx.text.TIM_SlaveTimer_SetConfig), (8 bytes).
    Removing stm32f1xx_hal_tim.o(.text.HAL_TIM_SlaveConfigSynchro_IT), (88 bytes).
    Removing stm32f1xx_hal_tim.o(.ARM.exidx.text.HAL_TIM_SlaveConfigSynchro_IT), (8 bytes).
    Removing stm32f1xx_hal_tim.o(.text.HAL_TIM_ReadCapturedValue), (52 bytes).
    Removing stm32f1xx_hal_tim.o(.ARM.exidx.text.HAL_TIM_ReadCapturedValue), (8 bytes).
    Removing stm32f1xx_hal_tim.o(.text.HAL_TIM_PeriodElapsedHalfCpltCallback), (2 bytes).
    Removing stm32f1xx_hal_tim.o(.ARM.exidx.text.HAL_TIM_PeriodElapsedHalfCpltCallback), (8 bytes).
    Removing stm32f1xx_hal_tim.o(.text.HAL_TIM_IC_CaptureHalfCpltCallback), (2 bytes).
    Removing stm32f1xx_hal_tim.o(.ARM.exidx.text.HAL_TIM_IC_CaptureHalfCpltCallback), (8 bytes).
    Removing stm32f1xx_hal_tim.o(.text.HAL_TIM_PWM_PulseFinishedHalfCpltCallback), (2 bytes).
    Removing stm32f1xx_hal_tim.o(.ARM.exidx.text.HAL_TIM_PWM_PulseFinishedHalfCpltCallback), (8 bytes).
    Removing stm32f1xx_hal_tim.o(.text.HAL_TIM_TriggerHalfCpltCallback), (2 bytes).
    Removing stm32f1xx_hal_tim.o(.ARM.exidx.text.HAL_TIM_TriggerHalfCpltCallback), (8 bytes).
    Removing stm32f1xx_hal_tim.o(.text.HAL_TIM_ErrorCallback), (2 bytes).
    Removing stm32f1xx_hal_tim.o(.ARM.exidx.text.HAL_TIM_ErrorCallback), (8 bytes).
    Removing stm32f1xx_hal_tim.o(.text.HAL_TIM_Base_GetState), (6 bytes).
    Removing stm32f1xx_hal_tim.o(.ARM.exidx.text.HAL_TIM_Base_GetState), (8 bytes).
    Removing stm32f1xx_hal_tim.o(.text.HAL_TIM_OC_GetState), (6 bytes).
    Removing stm32f1xx_hal_tim.o(.ARM.exidx.text.HAL_TIM_OC_GetState), (8 bytes).
    Removing stm32f1xx_hal_tim.o(.text.HAL_TIM_PWM_GetState), (6 bytes).
    Removing stm32f1xx_hal_tim.o(.ARM.exidx.text.HAL_TIM_PWM_GetState), (8 bytes).
    Removing stm32f1xx_hal_tim.o(.text.HAL_TIM_IC_GetState), (6 bytes).
    Removing stm32f1xx_hal_tim.o(.ARM.exidx.text.HAL_TIM_IC_GetState), (8 bytes).
    Removing stm32f1xx_hal_tim.o(.text.HAL_TIM_OnePulse_GetState), (6 bytes).
    Removing stm32f1xx_hal_tim.o(.ARM.exidx.text.HAL_TIM_OnePulse_GetState), (8 bytes).
    Removing stm32f1xx_hal_tim.o(.text.HAL_TIM_Encoder_GetState), (6 bytes).
    Removing stm32f1xx_hal_tim.o(.ARM.exidx.text.HAL_TIM_Encoder_GetState), (8 bytes).
    Removing stm32f1xx_hal_tim.o(.text.HAL_TIM_GetActiveChannel), (4 bytes).
    Removing stm32f1xx_hal_tim.o(.ARM.exidx.text.HAL_TIM_GetActiveChannel), (8 bytes).
    Removing stm32f1xx_hal_tim.o(.text.HAL_TIM_GetChannelState), (34 bytes).
    Removing stm32f1xx_hal_tim.o(.ARM.exidx.text.HAL_TIM_GetChannelState), (8 bytes).
    Removing stm32f1xx_hal_tim.o(.text.HAL_TIM_DMABurstState), (6 bytes).
    Removing stm32f1xx_hal_tim.o(.ARM.exidx.text.HAL_TIM_DMABurstState), (8 bytes).
    Removing stm32f1xx_hal_tim_ex.o(.text), (0 bytes).
    Removing stm32f1xx_hal_tim_ex.o(.text.HAL_TIMEx_HallSensor_Init), (200 bytes).
    Removing stm32f1xx_hal_tim_ex.o(.ARM.exidx.text.HAL_TIMEx_HallSensor_Init), (8 bytes).
    Removing stm32f1xx_hal_tim_ex.o(.text.HAL_TIMEx_HallSensor_MspInit), (2 bytes).
    Removing stm32f1xx_hal_tim_ex.o(.ARM.exidx.text.HAL_TIMEx_HallSensor_MspInit), (8 bytes).
    Removing stm32f1xx_hal_tim_ex.o(.text.HAL_TIMEx_HallSensor_DeInit), (80 bytes).
    Removing stm32f1xx_hal_tim_ex.o(.ARM.exidx.text.HAL_TIMEx_HallSensor_DeInit), (8 bytes).
    Removing stm32f1xx_hal_tim_ex.o(.text.HAL_TIMEx_HallSensor_MspDeInit), (2 bytes).
    Removing stm32f1xx_hal_tim_ex.o(.ARM.exidx.text.HAL_TIMEx_HallSensor_MspDeInit), (8 bytes).
    Removing stm32f1xx_hal_tim_ex.o(.text.HAL_TIMEx_HallSensor_Start), (158 bytes).
    Removing stm32f1xx_hal_tim_ex.o(.ARM.exidx.text.HAL_TIMEx_HallSensor_Start), (8 bytes).
    Removing stm32f1xx_hal_tim_ex.o(.text.HAL_TIMEx_HallSensor_Stop), (66 bytes).
    Removing stm32f1xx_hal_tim_ex.o(.ARM.exidx.text.HAL_TIMEx_HallSensor_Stop), (8 bytes).
    Removing stm32f1xx_hal_tim_ex.o(.text.HAL_TIMEx_HallSensor_Start_IT), (166 bytes).
    Removing stm32f1xx_hal_tim_ex.o(.ARM.exidx.text.HAL_TIMEx_HallSensor_Start_IT), (8 bytes).
    Removing stm32f1xx_hal_tim_ex.o(.text.HAL_TIMEx_HallSensor_Stop_IT), (74 bytes).
    Removing stm32f1xx_hal_tim_ex.o(.ARM.exidx.text.HAL_TIMEx_HallSensor_Stop_IT), (8 bytes).
    Removing stm32f1xx_hal_tim_ex.o(.text.HAL_TIMEx_HallSensor_Start_DMA), (236 bytes).
    Removing stm32f1xx_hal_tim_ex.o(.ARM.exidx.text.HAL_TIMEx_HallSensor_Start_DMA), (8 bytes).
    Removing stm32f1xx_hal_tim_ex.o(.text.HAL_TIMEx_HallSensor_Stop_DMA), (74 bytes).
    Removing stm32f1xx_hal_tim_ex.o(.ARM.exidx.text.HAL_TIMEx_HallSensor_Stop_DMA), (8 bytes).
    Removing stm32f1xx_hal_tim_ex.o(.text.HAL_TIMEx_OCN_Start), (198 bytes).
    Removing stm32f1xx_hal_tim_ex.o(.ARM.exidx.text.HAL_TIMEx_OCN_Start), (8 bytes).
    Removing stm32f1xx_hal_tim_ex.o(.text.HAL_TIMEx_OCN_Stop), (146 bytes).
    Removing stm32f1xx_hal_tim_ex.o(.ARM.exidx.text.HAL_TIMEx_OCN_Stop), (8 bytes).
    Removing stm32f1xx_hal_tim_ex.o(.text.HAL_TIMEx_OCN_Start_IT), (238 bytes).
    Removing stm32f1xx_hal_tim_ex.o(.ARM.exidx.text.HAL_TIMEx_OCN_Start_IT), (8 bytes).
    Removing stm32f1xx_hal_tim_ex.o(.text.HAL_TIMEx_OCN_Stop_IT), (222 bytes).
    Removing stm32f1xx_hal_tim_ex.o(.ARM.exidx.text.HAL_TIMEx_OCN_Stop_IT), (8 bytes).
    Removing stm32f1xx_hal_tim_ex.o(.text.HAL_TIMEx_OCN_Start_DMA), (478 bytes).
    Removing stm32f1xx_hal_tim_ex.o(.ARM.exidx.text.HAL_TIMEx_OCN_Start_DMA), (8 bytes).
    Removing stm32f1xx_hal_tim_ex.o(.text.TIM_DMADelayPulseNCplt), (106 bytes).
    Removing stm32f1xx_hal_tim_ex.o(.ARM.exidx.text.TIM_DMADelayPulseNCplt), (8 bytes).
    Removing stm32f1xx_hal_tim_ex.o(.text.TIM_DMAErrorCCxN), (70 bytes).
    Removing stm32f1xx_hal_tim_ex.o(.ARM.exidx.text.TIM_DMAErrorCCxN), (8 bytes).
    Removing stm32f1xx_hal_tim_ex.o(.text.HAL_TIMEx_OCN_Stop_DMA), (196 bytes).
    Removing stm32f1xx_hal_tim_ex.o(.ARM.exidx.text.HAL_TIMEx_OCN_Stop_DMA), (8 bytes).
    Removing stm32f1xx_hal_tim_ex.o(.text.HAL_TIMEx_PWMN_Start), (198 bytes).
    Removing stm32f1xx_hal_tim_ex.o(.ARM.exidx.text.HAL_TIMEx_PWMN_Start), (8 bytes).
    Removing stm32f1xx_hal_tim_ex.o(.text.HAL_TIMEx_PWMN_Stop), (146 bytes).
    Removing stm32f1xx_hal_tim_ex.o(.ARM.exidx.text.HAL_TIMEx_PWMN_Stop), (8 bytes).
    Removing stm32f1xx_hal_tim_ex.o(.text.HAL_TIMEx_PWMN_Start_IT), (238 bytes).
    Removing stm32f1xx_hal_tim_ex.o(.ARM.exidx.text.HAL_TIMEx_PWMN_Start_IT), (8 bytes).
    Removing stm32f1xx_hal_tim_ex.o(.text.HAL_TIMEx_PWMN_Stop_IT), (222 bytes).
    Removing stm32f1xx_hal_tim_ex.o(.ARM.exidx.text.HAL_TIMEx_PWMN_Stop_IT), (8 bytes).
    Removing stm32f1xx_hal_tim_ex.o(.text.HAL_TIMEx_PWMN_Start_DMA), (478 bytes).
    Removing stm32f1xx_hal_tim_ex.o(.ARM.exidx.text.HAL_TIMEx_PWMN_Start_DMA), (8 bytes).
    Removing stm32f1xx_hal_tim_ex.o(.text.HAL_TIMEx_PWMN_Stop_DMA), (196 bytes).
    Removing stm32f1xx_hal_tim_ex.o(.ARM.exidx.text.HAL_TIMEx_PWMN_Stop_DMA), (8 bytes).
    Removing stm32f1xx_hal_tim_ex.o(.text.HAL_TIMEx_OnePulseN_Start), (120 bytes).
    Removing stm32f1xx_hal_tim_ex.o(.ARM.exidx.text.HAL_TIMEx_OnePulseN_Start), (8 bytes).
    Removing stm32f1xx_hal_tim_ex.o(.text.HAL_TIMEx_OnePulseN_Stop), (128 bytes).
    Removing stm32f1xx_hal_tim_ex.o(.ARM.exidx.text.HAL_TIMEx_OnePulseN_Stop), (8 bytes).
    Removing stm32f1xx_hal_tim_ex.o(.text.HAL_TIMEx_OnePulseN_Start_IT), (136 bytes).
    Removing stm32f1xx_hal_tim_ex.o(.ARM.exidx.text.HAL_TIMEx_OnePulseN_Start_IT), (8 bytes).
    Removing stm32f1xx_hal_tim_ex.o(.text.HAL_TIMEx_OnePulseN_Stop_IT), (144 bytes).
    Removing stm32f1xx_hal_tim_ex.o(.ARM.exidx.text.HAL_TIMEx_OnePulseN_Stop_IT), (8 bytes).
    Removing stm32f1xx_hal_tim_ex.o(.text.HAL_TIMEx_ConfigCommutEvent), (118 bytes).
    Removing stm32f1xx_hal_tim_ex.o(.ARM.exidx.text.HAL_TIMEx_ConfigCommutEvent), (8 bytes).
    Removing stm32f1xx_hal_tim_ex.o(.text.HAL_TIMEx_ConfigCommutEvent_IT), (118 bytes).
    Removing stm32f1xx_hal_tim_ex.o(.ARM.exidx.text.HAL_TIMEx_ConfigCommutEvent_IT), (8 bytes).
    Removing stm32f1xx_hal_tim_ex.o(.text.HAL_TIMEx_ConfigCommutEvent_DMA), (154 bytes).
    Removing stm32f1xx_hal_tim_ex.o(.ARM.exidx.text.HAL_TIMEx_ConfigCommutEvent_DMA), (8 bytes).
    Removing stm32f1xx_hal_tim_ex.o(.text.TIMEx_DMACommutationCplt), (12 bytes).
    Removing stm32f1xx_hal_tim_ex.o(.ARM.exidx.text.TIMEx_DMACommutationCplt), (8 bytes).
    Removing stm32f1xx_hal_tim_ex.o(.text.TIMEx_DMACommutationHalfCplt), (12 bytes).
    Removing stm32f1xx_hal_tim_ex.o(.ARM.exidx.text.TIMEx_DMACommutationHalfCplt), (8 bytes).
    Removing stm32f1xx_hal_tim_ex.o(.ARM.exidx.text.HAL_TIMEx_MasterConfigSynchronization), (8 bytes).
    Removing stm32f1xx_hal_tim_ex.o(.text.HAL_TIMEx_ConfigBreakDeadTime), (76 bytes).
    Removing stm32f1xx_hal_tim_ex.o(.ARM.exidx.text.HAL_TIMEx_ConfigBreakDeadTime), (8 bytes).
    Removing stm32f1xx_hal_tim_ex.o(.text.HAL_TIMEx_RemapConfig), (4 bytes).
    Removing stm32f1xx_hal_tim_ex.o(.ARM.exidx.text.HAL_TIMEx_RemapConfig), (8 bytes).
    Removing stm32f1xx_hal_tim_ex.o(.text.HAL_TIMEx_CommutCallback), (2 bytes).
    Removing stm32f1xx_hal_tim_ex.o(.ARM.exidx.text.HAL_TIMEx_CommutCallback), (8 bytes).
    Removing stm32f1xx_hal_tim_ex.o(.text.HAL_TIMEx_CommutHalfCpltCallback), (2 bytes).
    Removing stm32f1xx_hal_tim_ex.o(.ARM.exidx.text.HAL_TIMEx_CommutHalfCpltCallback), (8 bytes).
    Removing stm32f1xx_hal_tim_ex.o(.text.HAL_TIMEx_BreakCallback), (2 bytes).
    Removing stm32f1xx_hal_tim_ex.o(.ARM.exidx.text.HAL_TIMEx_BreakCallback), (8 bytes).
    Removing stm32f1xx_hal_tim_ex.o(.text.HAL_TIMEx_HallSensor_GetState), (6 bytes).
    Removing stm32f1xx_hal_tim_ex.o(.ARM.exidx.text.HAL_TIMEx_HallSensor_GetState), (8 bytes).
    Removing stm32f1xx_hal_tim_ex.o(.text.HAL_TIMEx_GetChannelNState), (34 bytes).
    Removing stm32f1xx_hal_tim_ex.o(.ARM.exidx.text.HAL_TIMEx_GetChannelNState), (8 bytes).
    Removing stm32f1xx_hal_uart.o(.text), (0 bytes).
    Removing stm32f1xx_hal_uart.o(.ARM.exidx.text.HAL_UART_Init), (8 bytes).
    Removing stm32f1xx_hal_uart.o(.text.HAL_UART_MspInit), (2 bytes).
    Removing stm32f1xx_hal_uart.o(.ARM.exidx.text.HAL_UART_MspInit), (8 bytes).
    Removing stm32f1xx_hal_uart.o(.text.HAL_HalfDuplex_Init), (228 bytes).
    Removing stm32f1xx_hal_uart.o(.ARM.exidx.text.HAL_HalfDuplex_Init), (8 bytes).
    Removing stm32f1xx_hal_uart.o(.text.HAL_LIN_Init), (242 bytes).
    Removing stm32f1xx_hal_uart.o(.ARM.exidx.text.HAL_LIN_Init), (8 bytes).
    Removing stm32f1xx_hal_uart.o(.text.HAL_MultiProcessor_Init), (252 bytes).
    Removing stm32f1xx_hal_uart.o(.ARM.exidx.text.HAL_MultiProcessor_Init), (8 bytes).
    Removing stm32f1xx_hal_uart.o(.text.HAL_UART_DeInit), (54 bytes).
    Removing stm32f1xx_hal_uart.o(.ARM.exidx.text.HAL_UART_DeInit), (8 bytes).
    Removing stm32f1xx_hal_uart.o(.text.HAL_UART_MspDeInit), (2 bytes).
    Removing stm32f1xx_hal_uart.o(.ARM.exidx.text.HAL_UART_MspDeInit), (8 bytes).
    Removing stm32f1xx_hal_uart.o(.ARM.exidx.text.HAL_UART_Transmit), (8 bytes).
    Removing stm32f1xx_hal_uart.o(.text.HAL_UART_Receive), (318 bytes).
    Removing stm32f1xx_hal_uart.o(.ARM.exidx.text.HAL_UART_Receive), (8 bytes).
    Removing stm32f1xx_hal_uart.o(.text.HAL_UART_Transmit_IT), (68 bytes).
    Removing stm32f1xx_hal_uart.o(.ARM.exidx.text.HAL_UART_Transmit_IT), (8 bytes).
    Removing stm32f1xx_hal_uart.o(.text.HAL_UART_Receive_IT), (86 bytes).
    Removing stm32f1xx_hal_uart.o(.ARM.exidx.text.HAL_UART_Receive_IT), (8 bytes).
    Removing stm32f1xx_hal_uart.o(.text.UART_Start_Receive_IT), (50 bytes).
    Removing stm32f1xx_hal_uart.o(.ARM.exidx.text.UART_Start_Receive_IT), (8 bytes).
    Removing stm32f1xx_hal_uart.o(.text.HAL_UART_Transmit_DMA), (124 bytes).
    Removing stm32f1xx_hal_uart.o(.ARM.exidx.text.HAL_UART_Transmit_DMA), (8 bytes).
    Removing stm32f1xx_hal_uart.o(.text.UART_DMATransmitCplt), (38 bytes).
    Removing stm32f1xx_hal_uart.o(.ARM.exidx.text.UART_DMATransmitCplt), (8 bytes).
    Removing stm32f1xx_hal_uart.o(.text.UART_DMATxHalfCplt), (6 bytes).
    Removing stm32f1xx_hal_uart.o(.ARM.exidx.text.UART_DMATxHalfCplt), (8 bytes).
    Removing stm32f1xx_hal_uart.o(.text.UART_DMAError), (108 bytes).
    Removing stm32f1xx_hal_uart.o(.ARM.exidx.text.UART_DMAError), (8 bytes).
    Removing stm32f1xx_hal_uart.o(.text.HAL_UART_Receive_DMA), (164 bytes).
    Removing stm32f1xx_hal_uart.o(.ARM.exidx.text.HAL_UART_Receive_DMA), (8 bytes).
    Removing stm32f1xx_hal_uart.o(.text.UART_Start_Receive_DMA), (114 bytes).
    Removing stm32f1xx_hal_uart.o(.ARM.exidx.text.UART_Start_Receive_DMA), (8 bytes).
    Removing stm32f1xx_hal_uart.o(.text.HAL_UART_DMAPause), (88 bytes).
    Removing stm32f1xx_hal_uart.o(.ARM.exidx.text.HAL_UART_DMAPause), (8 bytes).
    Removing stm32f1xx_hal_uart.o(.text.HAL_UART_DMAResume), (104 bytes).
    Removing stm32f1xx_hal_uart.o(.ARM.exidx.text.HAL_UART_DMAResume), (8 bytes).
    Removing stm32f1xx_hal_uart.o(.text.HAL_UART_DMAStop), (132 bytes).
    Removing stm32f1xx_hal_uart.o(.ARM.exidx.text.HAL_UART_DMAStop), (8 bytes).
    Removing stm32f1xx_hal_uart.o(.text.HAL_UARTEx_ReceiveToIdle), (474 bytes).
    Removing stm32f1xx_hal_uart.o(.ARM.exidx.text.HAL_UARTEx_ReceiveToIdle), (8 bytes).
    Removing stm32f1xx_hal_uart.o(.text.HAL_UARTEx_ReceiveToIdle_IT), (132 bytes).
    Removing stm32f1xx_hal_uart.o(.ARM.exidx.text.HAL_UARTEx_ReceiveToIdle_IT), (8 bytes).
    Removing stm32f1xx_hal_uart.o(.text.HAL_UARTEx_ReceiveToIdle_DMA), (192 bytes).
    Removing stm32f1xx_hal_uart.o(.ARM.exidx.text.HAL_UARTEx_ReceiveToIdle_DMA), (8 bytes).
    Removing stm32f1xx_hal_uart.o(.text.HAL_UART_Abort), (146 bytes).
    Removing stm32f1xx_hal_uart.o(.ARM.exidx.text.HAL_UART_Abort), (8 bytes).
    Removing stm32f1xx_hal_uart.o(.text.HAL_UART_AbortTransmit), (72 bytes).
    Removing stm32f1xx_hal_uart.o(.ARM.exidx.text.HAL_UART_AbortTransmit), (8 bytes).
    Removing stm32f1xx_hal_uart.o(.text.HAL_UART_AbortReceive), (98 bytes).
    Removing stm32f1xx_hal_uart.o(.ARM.exidx.text.HAL_UART_AbortReceive), (8 bytes).
    Removing stm32f1xx_hal_uart.o(.text.HAL_UART_Abort_IT), (180 bytes).
    Removing stm32f1xx_hal_uart.o(.ARM.exidx.text.HAL_UART_Abort_IT), (8 bytes).
    Removing stm32f1xx_hal_uart.o(.text.UART_DMATxAbortCallback), (42 bytes).
    Removing stm32f1xx_hal_uart.o(.ARM.exidx.text.UART_DMATxAbortCallback), (8 bytes).
    Removing stm32f1xx_hal_uart.o(.text.UART_DMARxAbortCallback), (42 bytes).
    Removing stm32f1xx_hal_uart.o(.ARM.exidx.text.UART_DMARxAbortCallback), (8 bytes).
    Removing stm32f1xx_hal_uart.o(.text.HAL_UART_AbortCpltCallback), (2 bytes).
    Removing stm32f1xx_hal_uart.o(.ARM.exidx.text.HAL_UART_AbortCpltCallback), (8 bytes).
    Removing stm32f1xx_hal_uart.o(.text.HAL_UART_AbortTransmit_IT), (100 bytes).
    Removing stm32f1xx_hal_uart.o(.ARM.exidx.text.HAL_UART_AbortTransmit_IT), (8 bytes).
    Removing stm32f1xx_hal_uart.o(.text.UART_DMATxOnlyAbortCallback), (16 bytes).
    Removing stm32f1xx_hal_uart.o(.ARM.exidx.text.UART_DMATxOnlyAbortCallback), (8 bytes).
    Removing stm32f1xx_hal_uart.o(.text.HAL_UART_AbortTransmitCpltCallback), (2 bytes).
    Removing stm32f1xx_hal_uart.o(.ARM.exidx.text.HAL_UART_AbortTransmitCpltCallback), (8 bytes).
    Removing stm32f1xx_hal_uart.o(.text.HAL_UART_AbortReceive_IT), (134 bytes).
    Removing stm32f1xx_hal_uart.o(.ARM.exidx.text.HAL_UART_AbortReceive_IT), (8 bytes).
    Removing stm32f1xx_hal_uart.o(.text.UART_DMARxOnlyAbortCallback), (18 bytes).
    Removing stm32f1xx_hal_uart.o(.ARM.exidx.text.UART_DMARxOnlyAbortCallback), (8 bytes).
    Removing stm32f1xx_hal_uart.o(.text.HAL_UART_AbortReceiveCpltCallback), (2 bytes).
    Removing stm32f1xx_hal_uart.o(.ARM.exidx.text.HAL_UART_AbortReceiveCpltCallback), (8 bytes).
    Removing stm32f1xx_hal_uart.o(.text.HAL_UART_IRQHandler), (620 bytes).
    Removing stm32f1xx_hal_uart.o(.ARM.exidx.text.HAL_UART_IRQHandler), (8 bytes).
    Removing stm32f1xx_hal_uart.o(.text.UART_Receive_IT), (182 bytes).
    Removing stm32f1xx_hal_uart.o(.ARM.exidx.text.UART_Receive_IT), (8 bytes).
    Removing stm32f1xx_hal_uart.o(.text.UART_DMAAbortOnError), (12 bytes).
    Removing stm32f1xx_hal_uart.o(.ARM.exidx.text.UART_DMAAbortOnError), (8 bytes).
    Removing stm32f1xx_hal_uart.o(.text.HAL_UART_ErrorCallback), (2 bytes).
    Removing stm32f1xx_hal_uart.o(.ARM.exidx.text.HAL_UART_ErrorCallback), (8 bytes).
    Removing stm32f1xx_hal_uart.o(.text.HAL_UARTEx_RxEventCallback), (2 bytes).
    Removing stm32f1xx_hal_uart.o(.ARM.exidx.text.HAL_UARTEx_RxEventCallback), (8 bytes).
    Removing stm32f1xx_hal_uart.o(.text.HAL_UART_TxCpltCallback), (2 bytes).
    Removing stm32f1xx_hal_uart.o(.ARM.exidx.text.HAL_UART_TxCpltCallback), (8 bytes).
    Removing stm32f1xx_hal_uart.o(.text.HAL_UART_TxHalfCpltCallback), (2 bytes).
    Removing stm32f1xx_hal_uart.o(.ARM.exidx.text.HAL_UART_TxHalfCpltCallback), (8 bytes).
    Removing stm32f1xx_hal_uart.o(.text.HAL_UART_RxCpltCallback), (2 bytes).
    Removing stm32f1xx_hal_uart.o(.ARM.exidx.text.HAL_UART_RxCpltCallback), (8 bytes).
    Removing stm32f1xx_hal_uart.o(.text.HAL_UART_RxHalfCpltCallback), (2 bytes).
    Removing stm32f1xx_hal_uart.o(.ARM.exidx.text.HAL_UART_RxHalfCpltCallback), (8 bytes).
    Removing stm32f1xx_hal_uart.o(.text.HAL_LIN_SendBreak), (44 bytes).
    Removing stm32f1xx_hal_uart.o(.ARM.exidx.text.HAL_LIN_SendBreak), (8 bytes).
    Removing stm32f1xx_hal_uart.o(.text.HAL_MultiProcessor_EnterMuteMode), (44 bytes).
    Removing stm32f1xx_hal_uart.o(.ARM.exidx.text.HAL_MultiProcessor_EnterMuteMode), (8 bytes).
    Removing stm32f1xx_hal_uart.o(.text.HAL_MultiProcessor_ExitMuteMode), (44 bytes).
    Removing stm32f1xx_hal_uart.o(.ARM.exidx.text.HAL_MultiProcessor_ExitMuteMode), (8 bytes).
    Removing stm32f1xx_hal_uart.o(.text.HAL_HalfDuplex_EnableTransmitter), (44 bytes).
    Removing stm32f1xx_hal_uart.o(.ARM.exidx.text.HAL_HalfDuplex_EnableTransmitter), (8 bytes).
    Removing stm32f1xx_hal_uart.o(.text.HAL_HalfDuplex_EnableReceiver), (46 bytes).
    Removing stm32f1xx_hal_uart.o(.ARM.exidx.text.HAL_HalfDuplex_EnableReceiver), (8 bytes).
    Removing stm32f1xx_hal_uart.o(.text.HAL_UART_GetState), (14 bytes).
    Removing stm32f1xx_hal_uart.o(.ARM.exidx.text.HAL_UART_GetState), (8 bytes).
    Removing stm32f1xx_hal_uart.o(.text.HAL_UART_GetError), (4 bytes).
    Removing stm32f1xx_hal_uart.o(.ARM.exidx.text.HAL_UART_GetError), (8 bytes).
    Removing stm32f1xx_hal_uart.o(.text.UART_DMAReceiveCplt), (76 bytes).
    Removing stm32f1xx_hal_uart.o(.ARM.exidx.text.UART_DMAReceiveCplt), (8 bytes).
    Removing stm32f1xx_hal_uart.o(.text.UART_DMARxHalfCplt), (20 bytes).
    Removing stm32f1xx_hal_uart.o(.ARM.exidx.text.UART_DMARxHalfCplt), (8 bytes).
    Removing system_stm32f1xx.o(.text), (0 bytes).
    Removing system_stm32f1xx.o(.ARM.exidx.text.SystemInit), (8 bytes).
    Removing system_stm32f1xx.o(.text.SystemCoreClockUpdate), (112 bytes).
    Removing system_stm32f1xx.o(.ARM.exidx.text.SystemCoreClockUpdate), (8 bytes).

881 unused section(s) (total 55538 bytes) removed from the image.

==============================================================================

Image Symbol Table

    Local Symbols

    Symbol Name                              Value     Ov Type        Size  Object(Section)

    ../clib/division.s                       0x00000000   Number         0  aeabi_sdiv.o ABSOLUTE
    ../clib/microlib/division.c              0x00000000   Number         0  ldiv.o ABSOLUTE
    ../clib/microlib/division.c              0x00000000   Number         0  uidiv.o ABSOLUTE
    ../clib/microlib/division.c              0x00000000   Number         0  uldiv.o ABSOLUTE
    ../clib/microlib/init/entry.s            0x00000000   Number         0  entry.o ABSOLUTE
    ../clib/microlib/init/entry.s            0x00000000   Number         0  entry2.o ABSOLUTE
    ../clib/microlib/init/entry.s            0x00000000   Number         0  entry5.o ABSOLUTE
    ../clib/microlib/init/entry.s            0x00000000   Number         0  entry7a.o ABSOLUTE
    ../clib/microlib/init/entry.s            0x00000000   Number         0  entry7b.o ABSOLUTE
    ../clib/microlib/init/entry.s            0x00000000   Number         0  entry8a.o ABSOLUTE
    ../clib/microlib/init/entry.s            0x00000000   Number         0  entry8b.o ABSOLUTE
    ../clib/microlib/init/entry.s            0x00000000   Number         0  entry9a.o ABSOLUTE
    ../clib/microlib/init/entry.s            0x00000000   Number         0  entry9b.o ABSOLUTE
    ../clib/microlib/init/entry.s            0x00000000   Number         0  entry10a.o ABSOLUTE
    ../clib/microlib/init/entry.s            0x00000000   Number         0  entry10b.o ABSOLUTE
    ../clib/microlib/init/entry.s            0x00000000   Number         0  entry11a.o ABSOLUTE
    ../clib/microlib/init/entry.s            0x00000000   Number         0  entry11b.o ABSOLUTE
    ../clib/microlib/longlong.c              0x00000000   Number         0  llshl.o ABSOLUTE
    ../clib/microlib/longlong.c              0x00000000   Number         0  llushr.o ABSOLUTE
    ../clib/microlib/longlong.c              0x00000000   Number         0  llsshr.o ABSOLUTE
    ../clib/microlib/printf/printf.c         0x00000000   Number         0  printfb.o ABSOLUTE
    ../clib/microlib/printf/printf.c         0x00000000   Number         0  printf0.o ABSOLUTE
    ../clib/microlib/printf/printf.c         0x00000000   Number         0  printf1.o ABSOLUTE
    ../clib/microlib/printf/printf.c         0x00000000   Number         0  printf2.o ABSOLUTE
    ../clib/microlib/printf/printf.c         0x00000000   Number         0  printf3.o ABSOLUTE
    ../clib/microlib/printf/printf.c         0x00000000   Number         0  printf4.o ABSOLUTE
    ../clib/microlib/printf/printf.c         0x00000000   Number         0  printf5.o ABSOLUTE
    ../clib/microlib/printf/printf.c         0x00000000   Number         0  printf6.o ABSOLUTE
    ../clib/microlib/printf/printf.c         0x00000000   Number         0  printf7.o ABSOLUTE
    ../clib/microlib/printf/printf.c         0x00000000   Number         0  printf8.o ABSOLUTE
    ../clib/microlib/printf/printf.c         0x00000000   Number         0  printfa.o ABSOLUTE
    ../clib/microlib/printf/stubs.s          0x00000000   Number         0  printfstubs.o ABSOLUTE
    ../clib/microlib/stdio/fputc.c           0x00000000   Number         0  fputc.o ABSOLUTE
    ../clib/microlib/stdio/fputc.c           0x00000000   Number         0  fputc_h.o ABSOLUTE
    ../clib/microlib/stdio/semi.s            0x00000000   Number         0  semi.o ABSOLUTE
    ../clib/microlib/stdio/streams.c         0x00000000   Number         0  stdout.o ABSOLUTE
    ../clib/microlib/stubs.s                 0x00000000   Number         0  iusefp.o ABSOLUTE
    ../clib/microlib/stubs.s                 0x00000000   Number         0  iusesemip.o ABSOLUTE
    ../fplib/microlib/d2f.c                  0x00000000   Number         0  d2f.o ABSOLUTE
    ../fplib/microlib/f2d.c                  0x00000000   Number         0  f2d.o ABSOLUTE
    ../fplib/microlib/fpadd.c                0x00000000   Number         0  fadd.o ABSOLUTE
    ../fplib/microlib/fpadd.c                0x00000000   Number         0  dadd.o ABSOLUTE
    ../fplib/microlib/fpcmp.c                0x00000000   Number         0  fcmpge.o ABSOLUTE
    ../fplib/microlib/fpdiv.c                0x00000000   Number         0  fdiv.o ABSOLUTE
    ../fplib/microlib/fpdiv.c                0x00000000   Number         0  ddiv.o ABSOLUTE
    ../fplib/microlib/fpepilogue.c           0x00000000   Number         0  fepilogue.o ABSOLUTE
    ../fplib/microlib/fpepilogue.c           0x00000000   Number         0  depilogue.o ABSOLUTE
    ../fplib/microlib/fpfix.c                0x00000000   Number         0  ffixi.o ABSOLUTE
    ../fplib/microlib/fpfix.c                0x00000000   Number         0  dfixi.o ABSOLUTE
    ../fplib/microlib/fpfix.c                0x00000000   Number         0  dfixul.o ABSOLUTE
    ../fplib/microlib/fpflt.c                0x00000000   Number         0  fflti.o ABSOLUTE
    ../fplib/microlib/fpflt.c                0x00000000   Number         0  ffltui.o ABSOLUTE
    ../fplib/microlib/fpflt.c                0x00000000   Number         0  dflti.o ABSOLUTE
    ../fplib/microlib/fpflt.c                0x00000000   Number         0  dfltui.o ABSOLUTE
    ../fplib/microlib/fpmul.c                0x00000000   Number         0  fmul.o ABSOLUTE
    ../fplib/microlib/fpmul.c                0x00000000   Number         0  dmul.o ABSOLUTE
    addheat.c                                0x00000000   Number         0  addheat.o ABSOLUTE
    bmp280.c                                 0x00000000   Number         0  bmp280.o ABSOLUTE
    cdrcmple.s                               0x00000000   Number         0  cdrcmple.o ABSOLUTE
    dc.s                                     0x00000000   Number         0  dc.o ABSOLUTE
    ds18b20.c                                0x00000000   Number         0  ds18b20.o ABSOLUTE
    gpio.c                                   0x00000000   Number         0  gpio.o ABSOLUTE
    handlers.s                               0x00000000   Number         0  handlers.o ABSOLUTE
    i2c.c                                    0x00000000   Number         0  i2c.o ABSOLUTE
    init.s                                   0x00000000   Number         0  init.o ABSOLUTE
    main.c                                   0x00000000   Number         0  main.o ABSOLUTE
    motor.c                                  0x00000000   Number         0  motor.o ABSOLUTE
    motorexecution.c                         0x00000000   Number         0  motorexecution.o ABSOLUTE
    oled.c                                   0x00000000   Number         0  oled.o ABSOLUTE
    startup_stm32f103xb.s                    0x00000000   Number         0  startup_stm32f103xb.o ABSOLUTE
    stm32f1xx_hal.c                          0x00000000   Number         0  stm32f1xx_hal.o ABSOLUTE
    stm32f1xx_hal_cortex.c                   0x00000000   Number         0  stm32f1xx_hal_cortex.o ABSOLUTE
    stm32f1xx_hal_dma.c                      0x00000000   Number         0  stm32f1xx_hal_dma.o ABSOLUTE
    stm32f1xx_hal_exti.c                     0x00000000   Number         0  stm32f1xx_hal_exti.o ABSOLUTE
    stm32f1xx_hal_flash.c                    0x00000000   Number         0  stm32f1xx_hal_flash.o ABSOLUTE
    stm32f1xx_hal_flash_ex.c                 0x00000000   Number         0  stm32f1xx_hal_flash_ex.o ABSOLUTE
    stm32f1xx_hal_gpio.c                     0x00000000   Number         0  stm32f1xx_hal_gpio.o ABSOLUTE
    stm32f1xx_hal_gpio_ex.c                  0x00000000   Number         0  stm32f1xx_hal_gpio_ex.o ABSOLUTE
    stm32f1xx_hal_i2c.c                      0x00000000   Number         0  stm32f1xx_hal_i2c.o ABSOLUTE
    stm32f1xx_hal_msp.c                      0x00000000   Number         0  stm32f1xx_hal_msp.o ABSOLUTE
    stm32f1xx_hal_pwr.c                      0x00000000   Number         0  stm32f1xx_hal_pwr.o ABSOLUTE
    stm32f1xx_hal_rcc.c                      0x00000000   Number         0  stm32f1xx_hal_rcc.o ABSOLUTE
    stm32f1xx_hal_rcc_ex.c                   0x00000000   Number         0  stm32f1xx_hal_rcc_ex.o ABSOLUTE
    stm32f1xx_hal_tim.c                      0x00000000   Number         0  stm32f1xx_hal_tim.o ABSOLUTE
    stm32f1xx_hal_tim_ex.c                   0x00000000   Number         0  stm32f1xx_hal_tim_ex.o ABSOLUTE
    stm32f1xx_hal_uart.c                     0x00000000   Number         0  stm32f1xx_hal_uart.o ABSOLUTE
    stm32f1xx_it.c                           0x00000000   Number         0  stm32f1xx_it.o ABSOLUTE
    system_stm32f1xx.c                       0x00000000   Number         0  system_stm32f1xx.o ABSOLUTE
    tim.c                                    0x00000000   Number         0  tim.o ABSOLUTE
    usart.c                                  0x00000000   Number         0  usart.o ABSOLUTE
    warning.c                                0x00000000   Number         0  warning.o ABSOLUTE
    RESET                                    0x08000000   Section      236  startup_stm32f103xb.o(RESET)
    .ARM.Collect$$$$00000000                 0x080000ec   Section        0  entry.o(.ARM.Collect$$$$00000000)
    .ARM.Collect$$$$00000001                 0x080000ec   Section        4  entry2.o(.ARM.Collect$$$$00000001)
    .ARM.Collect$$$$00000004                 0x080000f0   Section        4  entry5.o(.ARM.Collect$$$$00000004)
    .ARM.Collect$$$$00000008                 0x080000f4   Section        0  entry7b.o(.ARM.Collect$$$$00000008)
    .ARM.Collect$$$$0000000A                 0x080000f4   Section        0  entry8b.o(.ARM.Collect$$$$0000000A)
    .ARM.Collect$$$$0000000B                 0x080000f4   Section        8  entry9a.o(.ARM.Collect$$$$0000000B)
    __lit__00000000                          0x080000fc   Data           4  entry2.o(.ARM.Collect$$$$00002712)
    .ARM.Collect$$$$0000000D                 0x080000fc   Section        0  entry10a.o(.ARM.Collect$$$$0000000D)
    .ARM.Collect$$$$0000000F                 0x080000fc   Section        0  entry11a.o(.ARM.Collect$$$$0000000F)
    .ARM.Collect$$$$00002712                 0x080000fc   Section        4  entry2.o(.ARM.Collect$$$$00002712)
    .text                                    0x08000100   Section       36  startup_stm32f103xb.o(.text)
    .text                                    0x08000124   Section        0  ldiv.o(.text)
    .text                                    0x08000186   Section        0  fadd.o(.text)
    .text                                    0x08000236   Section        0  fmul.o(.text)
    .text                                    0x0800029a   Section        0  fdiv.o(.text)
    .text                                    0x08000316   Section        0  dadd.o(.text)
    .text                                    0x08000464   Section        0  dmul.o(.text)
    .text                                    0x08000548   Section        0  ddiv.o(.text)
    .text                                    0x08000626   Section        0  fcmpge.o(.text)
    .text                                    0x08000642   Section        0  fflti.o(.text)
    .text                                    0x08000654   Section        0  ffltui.o(.text)
    .text                                    0x0800065e   Section        0  dflti.o(.text)
    .text                                    0x08000680   Section        0  dfltui.o(.text)
    .text                                    0x0800069a   Section        0  ffixi.o(.text)
    .text                                    0x080006cc   Section        0  dfixi.o(.text)
    .text                                    0x0800070a   Section        0  f2d.o(.text)
    .text                                    0x08000730   Section        0  d2f.o(.text)
    .text                                    0x08000768   Section        0  uidiv.o(.text)
    .text                                    0x08000794   Section        0  uldiv.o(.text)
    .text                                    0x080007f6   Section        0  llshl.o(.text)
    .text                                    0x08000814   Section        0  llushr.o(.text)
    .text                                    0x08000834   Section        0  llsshr.o(.text)
    .text                                    0x08000858   Section        0  iusefp.o(.text)
    .text                                    0x08000858   Section        0  fepilogue.o(.text)
    .text                                    0x080008c6   Section        0  depilogue.o(.text)
    .text                                    0x08000980   Section        0  dfixul.o(.text)
    .text                                    0x080009b0   Section       48  cdrcmple.o(.text)
    .text                                    0x080009e0   Section       36  init.o(.text)
    [Anonymous Symbol]                       0x08000a04   Section        0  stm32f1xx_it.o(.text.BusFault_Handler)
    [Anonymous Symbol]                       0x08000a08   Section        0  ds18b20.o(.text.DS18B20_Check)
    [Anonymous Symbol]                       0x08000aa4   Section        0  ds18b20.o(.text.DS18B20_GetTemperture)
    [Anonymous Symbol]                       0x08000b88   Section        0  ds18b20.o(.text.DS18B20_Read_Byte)
    [Anonymous Symbol]                       0x08000c28   Section        0  ds18b20.o(.text.DS18B20_Write_Byte)
    [Anonymous Symbol]                       0x08000e04   Section        0  stm32f1xx_it.o(.text.DebugMon_Handler)
    [Anonymous Symbol]                       0x08000e08   Section        0  main.o(.text.Error_Handler)
    [Anonymous Symbol]                       0x08000e14   Section        0  stm32f1xx_hal.o(.text.HAL_Delay)
    [Anonymous Symbol]                       0x08000e3c   Section        0  tim.o(.text.HAL_Delay_us)
    [Anonymous Symbol]                       0x08000e98   Section        0  stm32f1xx_hal_gpio.o(.text.HAL_GPIO_Init)
    [Anonymous Symbol]                       0x080010ac   Section        0  stm32f1xx_hal_gpio.o(.text.HAL_GPIO_ReadPin)
    [Anonymous Symbol]                       0x080010b8   Section        0  stm32f1xx_hal_gpio.o(.text.HAL_GPIO_WritePin)
    [Anonymous Symbol]                       0x080010c4   Section        0  stm32f1xx_hal.o(.text.HAL_GetTick)
    [Anonymous Symbol]                       0x080010d0   Section        0  stm32f1xx_hal_i2c.o(.text.HAL_I2C_Init)
    [Anonymous Symbol]                       0x08001248   Section        0  stm32f1xx_hal_i2c.o(.text.HAL_I2C_Mem_Read)
    [Anonymous Symbol]                       0x08001680   Section        0  stm32f1xx_hal_i2c.o(.text.HAL_I2C_Mem_Write)
    [Anonymous Symbol]                       0x0800185c   Section        0  i2c.o(.text.HAL_I2C_MspInit)
    [Anonymous Symbol]                       0x0800191c   Section        0  stm32f1xx_hal.o(.text.HAL_IncTick)
    [Anonymous Symbol]                       0x08001938   Section        0  stm32f1xx_hal.o(.text.HAL_Init)
    [Anonymous Symbol]                       0x08001960   Section        0  stm32f1xx_hal.o(.text.HAL_InitTick)
    [Anonymous Symbol]                       0x080019a8   Section        0  stm32f1xx_hal_msp.o(.text.HAL_MspInit)
    [Anonymous Symbol]                       0x080019ec   Section        0  stm32f1xx_hal_cortex.o(.text.HAL_NVIC_SetPriority)
    [Anonymous Symbol]                       0x08001a44   Section        0  stm32f1xx_hal_cortex.o(.text.HAL_NVIC_SetPriorityGrouping)
    [Anonymous Symbol]                       0x08001a64   Section        0  stm32f1xx_hal_rcc.o(.text.HAL_RCC_ClockConfig)
    [Anonymous Symbol]                       0x08001c24   Section        0  stm32f1xx_hal_rcc.o(.text.HAL_RCC_GetPCLK1Freq)
    [Anonymous Symbol]                       0x08001c4c   Section        0  stm32f1xx_hal_rcc.o(.text.HAL_RCC_GetPCLK2Freq)
    [Anonymous Symbol]                       0x08001c74   Section        0  stm32f1xx_hal_rcc.o(.text.HAL_RCC_OscConfig)
    [Anonymous Symbol]                       0x08002028   Section        0  stm32f1xx_hal_cortex.o(.text.HAL_SYSTICK_Config)
    [Anonymous Symbol]                       0x08002054   Section        0  stm32f1xx_hal_tim_ex.o(.text.HAL_TIMEx_MasterConfigSynchronization)
    [Anonymous Symbol]                       0x080020d0   Section        0  stm32f1xx_hal_tim.o(.text.HAL_TIM_Base_Init)
    [Anonymous Symbol]                       0x080021bc   Section        0  tim.o(.text.HAL_TIM_Base_MspInit)
    [Anonymous Symbol]                       0x080021f0   Section        0  stm32f1xx_hal_tim.o(.text.HAL_TIM_Base_Start)
    [Anonymous Symbol]                       0x08002258   Section        0  stm32f1xx_hal_tim.o(.text.HAL_TIM_Base_Stop)
    [Anonymous Symbol]                       0x0800228c   Section        0  stm32f1xx_hal_tim.o(.text.HAL_TIM_ConfigClockSource)
    [Anonymous Symbol]                       0x08002420   Section        0  stm32f1xx_hal_uart.o(.text.HAL_UART_Init)
    [Anonymous Symbol]                       0x080024fc   Section        0  usart.o(.text.HAL_UART_MspInit)
    [Anonymous Symbol]                       0x08002578   Section        0  stm32f1xx_hal_uart.o(.text.HAL_UART_Transmit)
    [Anonymous Symbol]                       0x08002728   Section        0  stm32f1xx_it.o(.text.HardFault_Handler)
    I2C_RequestMemoryRead                    0x0800272d   Thumb Code   798  stm32f1xx_hal_i2c.o(.text.I2C_RequestMemoryRead)
    [Anonymous Symbol]                       0x0800272c   Section        0  stm32f1xx_hal_i2c.o(.text.I2C_RequestMemoryRead)
    I2C_RequestMemoryWrite                   0x08002a4d   Thumb Code   626  stm32f1xx_hal_i2c.o(.text.I2C_RequestMemoryWrite)
    [Anonymous Symbol]                       0x08002a4c   Section        0  stm32f1xx_hal_i2c.o(.text.I2C_RequestMemoryWrite)
    I2C_WaitOnBTFFlagUntilTimeout            0x08002cc1   Thumb Code   168  stm32f1xx_hal_i2c.o(.text.I2C_WaitOnBTFFlagUntilTimeout)
    [Anonymous Symbol]                       0x08002cc0   Section        0  stm32f1xx_hal_i2c.o(.text.I2C_WaitOnBTFFlagUntilTimeout)
    I2C_WaitOnFlagUntilTimeout               0x08002d69   Thumb Code   336  stm32f1xx_hal_i2c.o(.text.I2C_WaitOnFlagUntilTimeout)
    [Anonymous Symbol]                       0x08002d68   Section        0  stm32f1xx_hal_i2c.o(.text.I2C_WaitOnFlagUntilTimeout)
    I2C_WaitOnMasterAddressFlagUntilTimeout  0x08002eb9   Thumb Code   184  stm32f1xx_hal_i2c.o(.text.I2C_WaitOnMasterAddressFlagUntilTimeout)
    [Anonymous Symbol]                       0x08002eb8   Section        0  stm32f1xx_hal_i2c.o(.text.I2C_WaitOnMasterAddressFlagUntilTimeout)
    [Anonymous Symbol]                       0x08002f70   Section        0  motor.o(.text.MOTOR_CONTROL)
    [Anonymous Symbol]                       0x08003030   Section        0  gpio.o(.text.MX_GPIO_Init)
    [Anonymous Symbol]                       0x080030cc   Section        0  i2c.o(.text.MX_I2C1_Init)
    [Anonymous Symbol]                       0x08003110   Section        0  i2c.o(.text.MX_I2C2_Init)
    [Anonymous Symbol]                       0x08003154   Section        0  tim.o(.text.MX_TIM1_Init)
    [Anonymous Symbol]                       0x080031cc   Section        0  usart.o(.text.MX_USART1_UART_Init)
    [Anonymous Symbol]                       0x08003208   Section        0  stm32f1xx_it.o(.text.MemManage_Handler)
    [Anonymous Symbol]                       0x0800320c   Section        0  motorexecution.o(.text.MotorExecution)
    [Anonymous Symbol]                       0x08003220   Section        0  stm32f1xx_it.o(.text.NMI_Handler)
    [Anonymous Symbol]                       0x08003224   Section        0  oled.o(.text.OLED_Clear)
    [Anonymous Symbol]                       0x080032d0   Section        0  oled.o(.text.OLED_Init)
    [Anonymous Symbol]                       0x080032e0   Section        0  oled.o(.text.OLED_ShowChar)
    [Anonymous Symbol]                       0x080036a8   Section        0  oled.o(.text.OLED_ShowChinese)
    [Anonymous Symbol]                       0x080037f8   Section        0  oled.o(.text.OLED_ShowNum)
    [Anonymous Symbol]                       0x08003908   Section        0  stm32f1xx_it.o(.text.PendSV_Handler)
    [Anonymous Symbol]                       0x0800390c   Section        0  stm32f1xx_it.o(.text.SVC_Handler)
    [Anonymous Symbol]                       0x08003910   Section        0  motor.o(.text.StepMotor_Start)
    [Anonymous Symbol]                       0x08003954   Section        0  motor.o(.text.StepMotor_Stop)
    [Anonymous Symbol]                       0x08003994   Section        0  stm32f1xx_it.o(.text.SysTick_Handler)
    [Anonymous Symbol]                       0x08003998   Section        0  system_stm32f1xx.o(.text.SystemInit)
    [Anonymous Symbol]                       0x0800399c   Section        0  stm32f1xx_it.o(.text.UsageFault_Handler)
    [Anonymous Symbol]                       0x080039a0   Section        0  oled.o(.text.WriteCmd)
    [Anonymous Symbol]                       0x08003c00   Section        0  addheat.o(.text.addHeat)
    [Anonymous Symbol]                       0x08003c10   Section        0  bmp280.o(.text.bmp280_init)
    [Anonymous Symbol]                       0x08003eb4   Section        0  bmp280.o(.text.bmp280_init_default_params)
    [Anonymous Symbol]                       0x08003ec4   Section        0  bmp280.o(.text.bmp280_read_fixed)
    [Anonymous Symbol]                       0x0800414c   Section        0  bmp280.o(.text.bmp280_read_float)
    [Anonymous Symbol]                       0x080041a8   Section        0  main.o(.text.main)
    read_hum_calibration_data                0x08004745   Thumb Code   254  bmp280.o(.text.read_hum_calibration_data)
    [Anonymous Symbol]                       0x08004744   Section        0  bmp280.o(.text.read_hum_calibration_data)
    read_register16                          0x08004845   Thumb Code    64  bmp280.o(.text.read_register16)
    [Anonymous Symbol]                       0x08004844   Section        0  bmp280.o(.text.read_register16)
    [Anonymous Symbol]                       0x08004884   Section        0  warning.o(.text.warning)
    i.__0sprintf                             0x080048a8   Section        0  printfa.o(i.__0sprintf)
    i.__scatterload_copy                     0x080048d0   Section       14  handlers.o(i.__scatterload_copy)
    i.__scatterload_null                     0x080048de   Section        2  handlers.o(i.__scatterload_null)
    i.__scatterload_zeroinit                 0x080048e0   Section       14  handlers.o(i.__scatterload_zeroinit)
    _fp_digits                               0x080048f1   Thumb Code   366  printfa.o(i._fp_digits)
    i._fp_digits                             0x080048f0   Section        0  printfa.o(i._fp_digits)
    _printf_core                             0x08004a75   Thumb Code  1744  printfa.o(i._printf_core)
    i._printf_core                           0x08004a74   Section        0  printfa.o(i._printf_core)
    _printf_post_padding                     0x08005151   Thumb Code    36  printfa.o(i._printf_post_padding)
    i._printf_post_padding                   0x08005150   Section        0  printfa.o(i._printf_post_padding)
    _printf_pre_padding                      0x08005175   Thumb Code    46  printfa.o(i._printf_pre_padding)
    i._printf_pre_padding                    0x08005174   Section        0  printfa.o(i._printf_pre_padding)
    _sputc                                   0x080051a3   Thumb Code    10  printfa.o(i._sputc)
    i._sputc                                 0x080051a2   Section        0  printfa.o(i._sputc)
    .L__const.HAL_RCC_GetSysClockFreq.aPredivFactorTable 0x080051ac   Data           2  stm32f1xx_hal_rcc.o(.rodata..L__const.HAL_RCC_GetSysClockFreq.aPredivFactorTable)
    .L__const.HAL_RCC_GetSysClockFreq.aPLLMULFactorTable 0x08007daa   Data          16  stm32f1xx_hal_rcc.o(.rodata.cst16)
    .L.str.6                                 0x08007dba   Data          18  main.o(.rodata.str1.1)
    [Anonymous Symbol]                       0x08007dba   Section        0  main.o(.rodata.str1.1)
    .L_MergedGlobals                         0x20000000   Data           8  stm32f1xx_hal.o(.data..L_MergedGlobals)
    [Anonymous Symbol]                       0x20000000   Section        0  stm32f1xx_hal.o(.data..L_MergedGlobals)
    .L_MergedGlobals                         0x20000028   Data          68  main.o(.bss..L_MergedGlobals)
    [Anonymous Symbol]                       0x20000028   Section        0  main.o(.bss..L_MergedGlobals)
    MOTOR_CONTROL.step                       0x2000006c   Data           1  motor.o(.bss.MOTOR_CONTROL.step)
    [Anonymous Symbol]                       0x2000006c   Section        0  motor.o(.bss.MOTOR_CONTROL.step)
    STACK                                    0x200002a8   Section     1024  startup_stm32f103xb.o(STACK)

    Global Symbols

    Symbol Name                              Value     Ov Type        Size  Object(Section)

    BuildAttributes$$THM_ISAv4$P$D$K$B$S$PE$A:L22UL41UL21$X:L11$S22US41US21$IEEE1$IW$~IW$USESV6$~STKCKD$USESV7$~SHL$OTIME$ROPI$EBA8$MICROLIB$REQ8$PRES8$EABIv2 0x00000000   Number         0  anon$$obj.o ABSOLUTE
    _printf_a                                0x00000000   Number         0  printfstubs.o ABSOLUTE
    _printf_c                                0x00000000   Number         0  printfstubs.o ABSOLUTE
    _printf_charcount                        0x00000000   Number         0  printfstubs.o ABSOLUTE
    _printf_d                                0x00000000   Number         0  printfstubs.o ABSOLUTE
    _printf_e                                0x00000000   Number         0  printfstubs.o ABSOLUTE
    _printf_f                                0x00000000   Number         0  printfstubs.o ABSOLUTE
    _printf_flags                            0x00000000   Number         0  printfstubs.o ABSOLUTE
    _printf_fp_dec                           0x00000000   Number         0  printfstubs.o ABSOLUTE
    _printf_fp_hex                           0x00000000   Number         0  printfstubs.o ABSOLUTE
    _printf_g                                0x00000000   Number         0  printfstubs.o ABSOLUTE
    _printf_i                                0x00000000   Number         0  printfstubs.o ABSOLUTE
    _printf_int_dec                          0x00000000   Number         0  printfstubs.o ABSOLUTE
    _printf_l                                0x00000000   Number         0  printfstubs.o ABSOLUTE
    _printf_lc                               0x00000000   Number         0  printfstubs.o ABSOLUTE
    _printf_ll                               0x00000000   Number         0  printfstubs.o ABSOLUTE
    _printf_lld                              0x00000000   Number         0  printfstubs.o ABSOLUTE
    _printf_lli                              0x00000000   Number         0  printfstubs.o ABSOLUTE
    _printf_llo                              0x00000000   Number         0  printfstubs.o ABSOLUTE
    _printf_llu                              0x00000000   Number         0  printfstubs.o ABSOLUTE
    _printf_llx                              0x00000000   Number         0  printfstubs.o ABSOLUTE
    _printf_longlong_dec                     0x00000000   Number         0  printfstubs.o ABSOLUTE
    _printf_longlong_hex                     0x00000000   Number         0  printfstubs.o ABSOLUTE
    _printf_longlong_oct                     0x00000000   Number         0  printfstubs.o ABSOLUTE
    _printf_ls                               0x00000000   Number         0  printfstubs.o ABSOLUTE
    _printf_mbtowc                           0x00000000   Number         0  printfstubs.o ABSOLUTE
    _printf_n                                0x00000000   Number         0  printfstubs.o ABSOLUTE
    _printf_o                                0x00000000   Number         0  printfstubs.o ABSOLUTE
    _printf_p                                0x00000000   Number         0  printfstubs.o ABSOLUTE
    _printf_percent                          0x00000000   Number         0  printfstubs.o ABSOLUTE
    _printf_pre_padding                      0x00000000   Number         0  printfstubs.o ABSOLUTE
    _printf_return_value                     0x00000000   Number         0  printfstubs.o ABSOLUTE
    _printf_s                                0x00000000   Number         0  printfstubs.o ABSOLUTE
    _printf_sizespec                         0x00000000   Number         0  printfstubs.o ABSOLUTE
    _printf_str                              0x00000000   Number         0  printfstubs.o ABSOLUTE
    _printf_truncate_signed                  0x00000000   Number         0  printfstubs.o ABSOLUTE
    _printf_truncate_unsigned                0x00000000   Number         0  printfstubs.o ABSOLUTE
    _printf_u                                0x00000000   Number         0  printfstubs.o ABSOLUTE
    _printf_wc                               0x00000000   Number         0  printfstubs.o ABSOLUTE
    _printf_wctomb                           0x00000000   Number         0  printfstubs.o ABSOLUTE
    _printf_widthprec                        0x00000000   Number         0  printfstubs.o ABSOLUTE
    _printf_x                                0x00000000   Number         0  printfstubs.o ABSOLUTE
    __cpp_initialize__aeabi_                  - Undefined Weak Reference
    __cxa_finalize                            - Undefined Weak Reference
    __decompress                              - Undefined Weak Reference
    _clock_init                               - Undefined Weak Reference
    _microlib_exit                            - Undefined Weak Reference
    __Vectors_Size                           0x000000ec   Number         0  startup_stm32f103xb.o ABSOLUTE
    __Vectors                                0x08000000   Data           4  startup_stm32f103xb.o(RESET)
    __Vectors_End                            0x080000ec   Data           0  startup_stm32f103xb.o(RESET)
    __main                                   0x080000ed   Thumb Code     0  entry.o(.ARM.Collect$$$$00000000)
    _main_stk                                0x080000ed   Thumb Code     0  entry2.o(.ARM.Collect$$$$00000001)
    _main_scatterload                        0x080000f1   Thumb Code     0  entry5.o(.ARM.Collect$$$$00000004)
    __main_after_scatterload                 0x080000f5   Thumb Code     0  entry5.o(.ARM.Collect$$$$00000004)
    _main_clock                              0x080000f5   Thumb Code     0  entry7b.o(.ARM.Collect$$$$00000008)
    _main_cpp_init                           0x080000f5   Thumb Code     0  entry8b.o(.ARM.Collect$$$$0000000A)
    _main_init                               0x080000f5   Thumb Code     0  entry9a.o(.ARM.Collect$$$$0000000B)
    __rt_final_cpp                           0x080000fd   Thumb Code     0  entry10a.o(.ARM.Collect$$$$0000000D)
    __rt_final_exit                          0x080000fd   Thumb Code     0  entry11a.o(.ARM.Collect$$$$0000000F)
    Reset_Handler                            0x08000101   Thumb Code     8  startup_stm32f103xb.o(.text)
    ADC1_2_IRQHandler                        0x0800011b   Thumb Code     0  startup_stm32f103xb.o(.text)
    CAN1_RX1_IRQHandler                      0x0800011b   Thumb Code     0  startup_stm32f103xb.o(.text)
    CAN1_SCE_IRQHandler                      0x0800011b   Thumb Code     0  startup_stm32f103xb.o(.text)
    DMA1_Channel1_IRQHandler                 0x0800011b   Thumb Code     0  startup_stm32f103xb.o(.text)
    DMA1_Channel2_IRQHandler                 0x0800011b   Thumb Code     0  startup_stm32f103xb.o(.text)
    DMA1_Channel3_IRQHandler                 0x0800011b   Thumb Code     0  startup_stm32f103xb.o(.text)
    DMA1_Channel4_IRQHandler                 0x0800011b   Thumb Code     0  startup_stm32f103xb.o(.text)
    DMA1_Channel5_IRQHandler                 0x0800011b   Thumb Code     0  startup_stm32f103xb.o(.text)
    DMA1_Channel6_IRQHandler                 0x0800011b   Thumb Code     0  startup_stm32f103xb.o(.text)
    DMA1_Channel7_IRQHandler                 0x0800011b   Thumb Code     0  startup_stm32f103xb.o(.text)
    EXTI0_IRQHandler                         0x0800011b   Thumb Code     0  startup_stm32f103xb.o(.text)
    EXTI15_10_IRQHandler                     0x0800011b   Thumb Code     0  startup_stm32f103xb.o(.text)
    EXTI1_IRQHandler                         0x0800011b   Thumb Code     0  startup_stm32f103xb.o(.text)
    EXTI2_IRQHandler                         0x0800011b   Thumb Code     0  startup_stm32f103xb.o(.text)
    EXTI3_IRQHandler                         0x0800011b   Thumb Code     0  startup_stm32f103xb.o(.text)
    EXTI4_IRQHandler                         0x0800011b   Thumb Code     0  startup_stm32f103xb.o(.text)
    EXTI9_5_IRQHandler                       0x0800011b   Thumb Code     0  startup_stm32f103xb.o(.text)
    FLASH_IRQHandler                         0x0800011b   Thumb Code     0  startup_stm32f103xb.o(.text)
    I2C1_ER_IRQHandler                       0x0800011b   Thumb Code     0  startup_stm32f103xb.o(.text)
    I2C1_EV_IRQHandler                       0x0800011b   Thumb Code     0  startup_stm32f103xb.o(.text)
    I2C2_ER_IRQHandler                       0x0800011b   Thumb Code     0  startup_stm32f103xb.o(.text)
    I2C2_EV_IRQHandler                       0x0800011b   Thumb Code     0  startup_stm32f103xb.o(.text)
    PVD_IRQHandler                           0x0800011b   Thumb Code     0  startup_stm32f103xb.o(.text)
    RCC_IRQHandler                           0x0800011b   Thumb Code     0  startup_stm32f103xb.o(.text)
    RTC_Alarm_IRQHandler                     0x0800011b   Thumb Code     0  startup_stm32f103xb.o(.text)
    RTC_IRQHandler                           0x0800011b   Thumb Code     0  startup_stm32f103xb.o(.text)
    SPI1_IRQHandler                          0x0800011b   Thumb Code     0  startup_stm32f103xb.o(.text)
    SPI2_IRQHandler                          0x0800011b   Thumb Code     0  startup_stm32f103xb.o(.text)
    TAMPER_IRQHandler                        0x0800011b   Thumb Code     0  startup_stm32f103xb.o(.text)
    TIM1_BRK_IRQHandler                      0x0800011b   Thumb Code     0  startup_stm32f103xb.o(.text)
    TIM1_CC_IRQHandler                       0x0800011b   Thumb Code     0  startup_stm32f103xb.o(.text)
    TIM1_TRG_COM_IRQHandler                  0x0800011b   Thumb Code     0  startup_stm32f103xb.o(.text)
    TIM1_UP_IRQHandler                       0x0800011b   Thumb Code     0  startup_stm32f103xb.o(.text)
    TIM2_IRQHandler                          0x0800011b   Thumb Code     0  startup_stm32f103xb.o(.text)
    TIM3_IRQHandler                          0x0800011b   Thumb Code     0  startup_stm32f103xb.o(.text)
    TIM4_IRQHandler                          0x0800011b   Thumb Code     0  startup_stm32f103xb.o(.text)
    USART1_IRQHandler                        0x0800011b   Thumb Code     0  startup_stm32f103xb.o(.text)
    USART2_IRQHandler                        0x0800011b   Thumb Code     0  startup_stm32f103xb.o(.text)
    USART3_IRQHandler                        0x0800011b   Thumb Code     0  startup_stm32f103xb.o(.text)
    USBWakeUp_IRQHandler                     0x0800011b   Thumb Code     0  startup_stm32f103xb.o(.text)
    USB_HP_CAN1_TX_IRQHandler                0x0800011b   Thumb Code     0  startup_stm32f103xb.o(.text)
    USB_LP_CAN1_RX0_IRQHandler               0x0800011b   Thumb Code     0  startup_stm32f103xb.o(.text)
    WWDG_IRQHandler                          0x0800011b   Thumb Code     0  startup_stm32f103xb.o(.text)
    __aeabi_ldivmod                          0x08000125   Thumb Code    98  ldiv.o(.text)
    __aeabi_fadd                             0x08000187   Thumb Code   164  fadd.o(.text)
    __aeabi_fsub                             0x0800022b   Thumb Code     6  fadd.o(.text)
    __aeabi_frsub                            0x08000231   Thumb Code     6  fadd.o(.text)
    __aeabi_fmul                             0x08000237   Thumb Code   100  fmul.o(.text)
    __aeabi_fdiv                             0x0800029b   Thumb Code   124  fdiv.o(.text)
    __aeabi_dadd                             0x08000317   Thumb Code   322  dadd.o(.text)
    __aeabi_dsub                             0x08000459   Thumb Code     6  dadd.o(.text)
    __aeabi_drsub                            0x0800045f   Thumb Code     6  dadd.o(.text)
    __aeabi_dmul                             0x08000465   Thumb Code   228  dmul.o(.text)
    __aeabi_ddiv                             0x08000549   Thumb Code   222  ddiv.o(.text)
    __aeabi_fcmpge                           0x08000627   Thumb Code    28  fcmpge.o(.text)
    __aeabi_i2f                              0x08000643   Thumb Code    18  fflti.o(.text)
    __aeabi_ui2f                             0x08000655   Thumb Code    10  ffltui.o(.text)
    __aeabi_i2d                              0x0800065f   Thumb Code    34  dflti.o(.text)
    __aeabi_ui2d                             0x08000681   Thumb Code    26  dfltui.o(.text)
    __aeabi_f2iz                             0x0800069b   Thumb Code    50  ffixi.o(.text)
    __aeabi_d2iz                             0x080006cd   Thumb Code    62  dfixi.o(.text)
    __aeabi_f2d                              0x0800070b   Thumb Code    38  f2d.o(.text)
    __aeabi_d2f                              0x08000731   Thumb Code    56  d2f.o(.text)
    __aeabi_uidiv                            0x08000769   Thumb Code     0  uidiv.o(.text)
    __aeabi_uidivmod                         0x08000769   Thumb Code    44  uidiv.o(.text)
    __aeabi_uldivmod                         0x08000795   Thumb Code    98  uldiv.o(.text)
    __aeabi_llsl                             0x080007f7   Thumb Code    30  llshl.o(.text)
    _ll_shift_l                              0x080007f7   Thumb Code     0  llshl.o(.text)
    __aeabi_llsr                             0x08000815   Thumb Code    32  llushr.o(.text)
    _ll_ushift_r                             0x08000815   Thumb Code     0  llushr.o(.text)
    __aeabi_lasr                             0x08000835   Thumb Code    36  llsshr.o(.text)
    _ll_sshift_r                             0x08000835   Thumb Code     0  llsshr.o(.text)
    __I$use$fp                               0x08000859   Thumb Code     0  iusefp.o(.text)
    _float_round                             0x08000859   Thumb Code    18  fepilogue.o(.text)
    _float_epilogue                          0x0800086b   Thumb Code    92  fepilogue.o(.text)
    _double_round                            0x080008c7   Thumb Code    30  depilogue.o(.text)
    _double_epilogue                         0x080008e5   Thumb Code   156  depilogue.o(.text)
    __aeabi_d2ulz                            0x08000981   Thumb Code    48  dfixul.o(.text)
    __aeabi_cdrcmple                         0x080009b1   Thumb Code    48  cdrcmple.o(.text)
    __scatterload                            0x080009e1   Thumb Code    28  init.o(.text)
    __scatterload_rt2                        0x080009e1   Thumb Code     0  init.o(.text)
    BusFault_Handler                         0x08000a05   Thumb Code     2  stm32f1xx_it.o(.text.BusFault_Handler)
    DS18B20_Check                            0x08000a09   Thumb Code   156  ds18b20.o(.text.DS18B20_Check)
    DS18B20_GetTemperture                    0x08000aa5   Thumb Code   226  ds18b20.o(.text.DS18B20_GetTemperture)
    DS18B20_Read_Byte                        0x08000b89   Thumb Code   160  ds18b20.o(.text.DS18B20_Read_Byte)
    DS18B20_Write_Byte                       0x08000c29   Thumb Code   474  ds18b20.o(.text.DS18B20_Write_Byte)
    DebugMon_Handler                         0x08000e05   Thumb Code     2  stm32f1xx_it.o(.text.DebugMon_Handler)
    Error_Handler                            0x08000e09   Thumb Code    10  main.o(.text.Error_Handler)
    HAL_Delay                                0x08000e15   Thumb Code    40  stm32f1xx_hal.o(.text.HAL_Delay)
    HAL_Delay_us                             0x08000e3d   Thumb Code    92  tim.o(.text.HAL_Delay_us)
    HAL_GPIO_Init                            0x08000e99   Thumb Code   530  stm32f1xx_hal_gpio.o(.text.HAL_GPIO_Init)
    HAL_GPIO_ReadPin                         0x080010ad   Thumb Code    10  stm32f1xx_hal_gpio.o(.text.HAL_GPIO_ReadPin)
    HAL_GPIO_WritePin                        0x080010b9   Thumb Code    10  stm32f1xx_hal_gpio.o(.text.HAL_GPIO_WritePin)
    HAL_GetTick                              0x080010c5   Thumb Code    12  stm32f1xx_hal.o(.text.HAL_GetTick)
    HAL_I2C_Init                             0x080010d1   Thumb Code   374  stm32f1xx_hal_i2c.o(.text.HAL_I2C_Init)
    HAL_I2C_Mem_Read                         0x08001249   Thumb Code  1078  stm32f1xx_hal_i2c.o(.text.HAL_I2C_Mem_Read)
    HAL_I2C_Mem_Write                        0x08001681   Thumb Code   474  stm32f1xx_hal_i2c.o(.text.HAL_I2C_Mem_Write)
    HAL_I2C_MspInit                          0x0800185d   Thumb Code   192  i2c.o(.text.HAL_I2C_MspInit)
    HAL_IncTick                              0x0800191d   Thumb Code    26  stm32f1xx_hal.o(.text.HAL_IncTick)
    HAL_Init                                 0x08001939   Thumb Code    38  stm32f1xx_hal.o(.text.HAL_Init)
    HAL_InitTick                             0x08001961   Thumb Code    72  stm32f1xx_hal.o(.text.HAL_InitTick)
    HAL_MspInit                              0x080019a9   Thumb Code    66  stm32f1xx_hal_msp.o(.text.HAL_MspInit)
    HAL_NVIC_SetPriority                     0x080019ed   Thumb Code    86  stm32f1xx_hal_cortex.o(.text.HAL_NVIC_SetPriority)
    HAL_NVIC_SetPriorityGrouping             0x08001a45   Thumb Code    32  stm32f1xx_hal_cortex.o(.text.HAL_NVIC_SetPriorityGrouping)
    HAL_RCC_ClockConfig                      0x08001a65   Thumb Code   446  stm32f1xx_hal_rcc.o(.text.HAL_RCC_ClockConfig)
    HAL_RCC_GetPCLK1Freq                     0x08001c25   Thumb Code    38  stm32f1xx_hal_rcc.o(.text.HAL_RCC_GetPCLK1Freq)
    HAL_RCC_GetPCLK2Freq                     0x08001c4d   Thumb Code    38  stm32f1xx_hal_rcc.o(.text.HAL_RCC_GetPCLK2Freq)
    HAL_RCC_OscConfig                        0x08001c75   Thumb Code   948  stm32f1xx_hal_rcc.o(.text.HAL_RCC_OscConfig)
    HAL_SYSTICK_Config                       0x08002029   Thumb Code    44  stm32f1xx_hal_cortex.o(.text.HAL_SYSTICK_Config)
    HAL_TIMEx_MasterConfigSynchronization    0x08002055   Thumb Code   122  stm32f1xx_hal_tim_ex.o(.text.HAL_TIMEx_MasterConfigSynchronization)
    HAL_TIM_Base_Init                        0x080020d1   Thumb Code   236  stm32f1xx_hal_tim.o(.text.HAL_TIM_Base_Init)
    HAL_TIM_Base_MspInit                     0x080021bd   Thumb Code    50  tim.o(.text.HAL_TIM_Base_MspInit)
    HAL_TIM_Base_Start                       0x080021f1   Thumb Code   102  stm32f1xx_hal_tim.o(.text.HAL_TIM_Base_Start)
    HAL_TIM_Base_Stop                        0x08002259   Thumb Code    52  stm32f1xx_hal_tim.o(.text.HAL_TIM_Base_Stop)
    HAL_TIM_ConfigClockSource                0x0800228d   Thumb Code   402  stm32f1xx_hal_tim.o(.text.HAL_TIM_ConfigClockSource)
    HAL_UART_Init                            0x08002421   Thumb Code   220  stm32f1xx_hal_uart.o(.text.HAL_UART_Init)
    HAL_UART_MspInit                         0x080024fd   Thumb Code   122  usart.o(.text.HAL_UART_MspInit)
    HAL_UART_Transmit                        0x08002579   Thumb Code   432  stm32f1xx_hal_uart.o(.text.HAL_UART_Transmit)
    HardFault_Handler                        0x08002729   Thumb Code     2  stm32f1xx_it.o(.text.HardFault_Handler)
    MOTOR_CONTROL                            0x08002f71   Thumb Code   160  motor.o(.text.MOTOR_CONTROL)
    MX_GPIO_Init                             0x08003031   Thumb Code   156  gpio.o(.text.MX_GPIO_Init)
    MX_I2C1_Init                             0x080030cd   Thumb Code    66  i2c.o(.text.MX_I2C1_Init)
    MX_I2C2_Init                             0x08003111   Thumb Code    66  i2c.o(.text.MX_I2C2_Init)
    MX_TIM1_Init                             0x08003155   Thumb Code   118  tim.o(.text.MX_TIM1_Init)
    MX_USART1_UART_Init                      0x080031cd   Thumb Code    60  usart.o(.text.MX_USART1_UART_Init)
    MemManage_Handler                        0x08003209   Thumb Code     2  stm32f1xx_it.o(.text.MemManage_Handler)
    MotorExecution                           0x0800320d   Thumb Code    18  motorexecution.o(.text.MotorExecution)
    NMI_Handler                              0x08003221   Thumb Code     2  stm32f1xx_it.o(.text.NMI_Handler)
    OLED_Clear                               0x08003225   Thumb Code   172  oled.o(.text.OLED_Clear)
    OLED_Init                                0x080032d1   Thumb Code    16  oled.o(.text.OLED_Init)
    OLED_ShowChar                            0x080032e1   Thumb Code   966  oled.o(.text.OLED_ShowChar)
    OLED_ShowChinese                         0x080036a9   Thumb Code   334  oled.o(.text.OLED_ShowChinese)
    OLED_ShowNum                             0x080037f9   Thumb Code   270  oled.o(.text.OLED_ShowNum)
    PendSV_Handler                           0x08003909   Thumb Code     2  stm32f1xx_it.o(.text.PendSV_Handler)
    SVC_Handler                              0x0800390d   Thumb Code     2  stm32f1xx_it.o(.text.SVC_Handler)
    StepMotor_Start                          0x08003911   Thumb Code    66  motor.o(.text.StepMotor_Start)
    StepMotor_Stop                           0x08003955   Thumb Code    62  motor.o(.text.StepMotor_Stop)
    SysTick_Handler                          0x08003995   Thumb Code     4  stm32f1xx_it.o(.text.SysTick_Handler)
    SystemInit                               0x08003999   Thumb Code     2  system_stm32f1xx.o(.text.SystemInit)
    UsageFault_Handler                       0x0800399d   Thumb Code     2  stm32f1xx_it.o(.text.UsageFault_Handler)
    WriteCmd                                 0x080039a1   Thumb Code   606  oled.o(.text.WriteCmd)
    addHeat                                  0x08003c01   Thumb Code    16  addheat.o(.text.addHeat)
    bmp280_init                              0x08003c11   Thumb Code   674  bmp280.o(.text.bmp280_init)
    bmp280_init_default_params               0x08003eb5   Thumb Code    14  bmp280.o(.text.bmp280_init_default_params)
    bmp280_read_fixed                        0x08003ec5   Thumb Code   648  bmp280.o(.text.bmp280_read_fixed)
    bmp280_read_float                        0x0800414d   Thumb Code    90  bmp280.o(.text.bmp280_read_float)
    main                                     0x080041a9   Thumb Code  1288  main.o(.text.main)
    warning                                  0x08004885   Thumb Code    36  warning.o(.text.warning)
    __0sprintf                               0x080048a9   Thumb Code    34  printfa.o(i.__0sprintf)
    __1sprintf                               0x080048a9   Thumb Code     0  printfa.o(i.__0sprintf)
    __2sprintf                               0x080048a9   Thumb Code     0  printfa.o(i.__0sprintf)
    __c89sprintf                             0x080048a9   Thumb Code     0  printfa.o(i.__0sprintf)
    sprintf                                  0x080048a9   Thumb Code     0  printfa.o(i.__0sprintf)
    __scatterload_copy                       0x080048d1   Thumb Code    14  handlers.o(i.__scatterload_copy)
    __scatterload_null                       0x080048df   Thumb Code     2  handlers.o(i.__scatterload_null)
    __scatterload_zeroinit                   0x080048e1   Thumb Code    14  handlers.o(i.__scatterload_zeroinit)
    AHBPrescTable                            0x080051ae   Data          16  system_stm32f1xx.o(.rodata.AHBPrescTable)
    APBPrescTable                            0x080051be   Data           8  system_stm32f1xx.o(.rodata.APBPrescTable)
    F6x8                                     0x080051c6   Data         552  oled.o(.rodata.F6x8)
    F8X16                                    0x080053ee   Data        1504  oled.o(.rodata.F8X16)
    Hzk                                      0x080059ce   Data        9180  oled.o(.rodata.Hzk)
    Region$$Table$$Base                      0x08007dcc   Number         0  anon$$obj.o(Region$$Table)
    Region$$Table$$Limit                     0x08007dec   Number         0  anon$$obj.o(Region$$Table)
    uwTickFreq                               0x20000000   Data           1  stm32f1xx_hal.o(.data..L_MergedGlobals)
    uwTickPrio                               0x20000004   Data           4  stm32f1xx_hal.o(.data..L_MergedGlobals)
    CMD_Data                                 0x20000008   Data          27  oled.o(.data.CMD_Data)
    SystemCoreClock                          0x20000024   Data           4  system_stm32f1xx.o(.data.SystemCoreClock)
    sizeValue                                0x20000028   Data           2  main.o(.bss..L_MergedGlobals)
    temperature                              0x2000002c   Data           4  main.o(.bss..L_MergedGlobals)
    pressure                                 0x20000030   Data           4  main.o(.bss..L_MergedGlobals)
    humidity                                 0x20000034   Data           4  main.o(.bss..L_MergedGlobals)
    bmp280                                   0x20000038   Data          52  main.o(.bss..L_MergedGlobals)
    dataValue                                0x20000070   Data         256  main.o(.bss.dataValue)
    hi2c1                                    0x20000170   Data          84  i2c.o(.bss.hi2c1)
    hi2c2                                    0x200001c4   Data          84  i2c.o(.bss.hi2c2)
    htim1                                    0x20000218   Data          72  tim.o(.bss.htim1)
    huart1                                   0x20000260   Data          68  usart.o(.bss.huart1)
    uwTick                                   0x200002a4   Data           4  stm32f1xx_hal.o(.bss.uwTick)
    __initial_sp                             0x200006a8   Data           0  startup_stm32f103xb.o(STACK)



==============================================================================

Memory Map of the image

  Image Entry point : 0x080000ed

  Load Region LR_IROM1 (Base: 0x08000000, Size: 0x00007e18, Max: 0x00010000, ABSOLUTE)

    Execution Region ER_IROM1 (Exec base: 0x08000000, Load base: 0x08000000, Size: 0x00007dec, Max: 0x00010000, ABSOLUTE)

    Exec Addr    Load Addr    Size         Type   Attr      Idx    E Section Name        Object

    0x08000000   0x08000000   0x000000ec   Data   RO            3    RESET               startup_stm32f103xb.o
    0x080000ec   0x080000ec   0x00000000   Code   RO         1184  * .ARM.Collect$$$$00000000  mc_w.l(entry.o)
    0x080000ec   0x080000ec   0x00000004   Code   RO         1480    .ARM.Collect$$$$00000001  mc_w.l(entry2.o)
    0x080000f0   0x080000f0   0x00000004   Code   RO         1483    .ARM.Collect$$$$00000004  mc_w.l(entry5.o)
    0x080000f4   0x080000f4   0x00000000   Code   RO         1485    .ARM.Collect$$$$00000008  mc_w.l(entry7b.o)
    0x080000f4   0x080000f4   0x00000000   Code   RO         1487    .ARM.Collect$$$$0000000A  mc_w.l(entry8b.o)
    0x080000f4   0x080000f4   0x00000008   Code   RO         1488    .ARM.Collect$$$$0000000B  mc_w.l(entry9a.o)
    0x080000fc   0x080000fc   0x00000000   Code   RO         1490    .ARM.Collect$$$$0000000D  mc_w.l(entry10a.o)
    0x080000fc   0x080000fc   0x00000000   Code   RO         1492    .ARM.Collect$$$$0000000F  mc_w.l(entry11a.o)
    0x080000fc   0x080000fc   0x00000004   Code   RO         1481    .ARM.Collect$$$$00002712  mc_w.l(entry2.o)
    0x08000100   0x08000100   0x00000024   Code   RO            4    .text               startup_stm32f103xb.o
    0x08000124   0x08000124   0x00000062   Code   RO         1187    .text               mc_w.l(ldiv.o)
    0x08000186   0x08000186   0x000000b0   Code   RO         1450    .text               mf_w.l(fadd.o)
    0x08000236   0x08000236   0x00000064   Code   RO         1452    .text               mf_w.l(fmul.o)
    0x0800029a   0x0800029a   0x0000007c   Code   RO         1454    .text               mf_w.l(fdiv.o)
    0x08000316   0x08000316   0x0000014e   Code   RO         1456    .text               mf_w.l(dadd.o)
    0x08000464   0x08000464   0x000000e4   Code   RO         1458    .text               mf_w.l(dmul.o)
    0x08000548   0x08000548   0x000000de   Code   RO         1460    .text               mf_w.l(ddiv.o)
    0x08000626   0x08000626   0x0000001c   Code   RO         1462    .text               mf_w.l(fcmpge.o)
    0x08000642   0x08000642   0x00000012   Code   RO         1464    .text               mf_w.l(fflti.o)
    0x08000654   0x08000654   0x0000000a   Code   RO         1466    .text               mf_w.l(ffltui.o)
    0x0800065e   0x0800065e   0x00000022   Code   RO         1468    .text               mf_w.l(dflti.o)
    0x08000680   0x08000680   0x0000001a   Code   RO         1470    .text               mf_w.l(dfltui.o)
    0x0800069a   0x0800069a   0x00000032   Code   RO         1472    .text               mf_w.l(ffixi.o)
    0x080006cc   0x080006cc   0x0000003e   Code   RO         1474    .text               mf_w.l(dfixi.o)
    0x0800070a   0x0800070a   0x00000026   Code   RO         1476    .text               mf_w.l(f2d.o)
    0x08000730   0x08000730   0x00000038   Code   RO         1478    .text               mf_w.l(d2f.o)
    0x08000768   0x08000768   0x0000002c   Code   RO         1508    .text               mc_w.l(uidiv.o)
    0x08000794   0x08000794   0x00000062   Code   RO         1510    .text               mc_w.l(uldiv.o)
    0x080007f6   0x080007f6   0x0000001e   Code   RO         1512    .text               mc_w.l(llshl.o)
    0x08000814   0x08000814   0x00000020   Code   RO         1514    .text               mc_w.l(llushr.o)
    0x08000834   0x08000834   0x00000024   Code   RO         1516    .text               mc_w.l(llsshr.o)
    0x08000858   0x08000858   0x00000000   Code   RO         1518    .text               mc_w.l(iusefp.o)
    0x08000858   0x08000858   0x0000006e   Code   RO         1519    .text               mf_w.l(fepilogue.o)
    0x080008c6   0x080008c6   0x000000ba   Code   RO         1521    .text               mf_w.l(depilogue.o)
    0x08000980   0x08000980   0x00000030   Code   RO         1523    .text               mf_w.l(dfixul.o)
    0x080009b0   0x080009b0   0x00000030   Code   RO         1525    .text               mf_w.l(cdrcmple.o)
    0x080009e0   0x080009e0   0x00000024   Code   RO         1527    .text               mc_w.l(init.o)
    0x08000a04   0x08000a04   0x00000002   Code   RO          202    .text.BusFault_Handler  stm32f1xx_it.o
    0x08000a06   0x08000a06   0x00000002   PAD
    0x08000a08   0x08000a08   0x0000009c   Code   RO           17    .text.DS18B20_Check  ds18b20.o
    0x08000aa4   0x08000aa4   0x000000e2   Code   RO           29    .text.DS18B20_GetTemperture  ds18b20.o
    0x08000b86   0x08000b86   0x00000002   PAD
    0x08000b88   0x08000b88   0x000000a0   Code   RO           21    .text.DS18B20_Read_Byte  ds18b20.o
    0x08000c28   0x08000c28   0x000001da   Code   RO           23    .text.DS18B20_Write_Byte  ds18b20.o
    0x08000e02   0x08000e02   0x00000002   PAD
    0x08000e04   0x08000e04   0x00000002   Code   RO          208    .text.DebugMon_Handler  stm32f1xx_it.o
    0x08000e06   0x08000e06   0x00000002   PAD
    0x08000e08   0x08000e08   0x0000000a   Code   RO          123    .text.Error_Handler  main.o
    0x08000e12   0x08000e12   0x00000002   PAD
    0x08000e14   0x08000e14   0x00000028   Code   RO          421    .text.HAL_Delay     stm32f1xx_hal.o
    0x08000e3c   0x08000e3c   0x0000005c   Code   RO          170    .text.HAL_Delay_us  tim.o
    0x08000e98   0x08000e98   0x00000212   Code   RO          513    .text.HAL_GPIO_Init  stm32f1xx_hal_gpio.o
    0x080010aa   0x080010aa   0x00000002   PAD
    0x080010ac   0x080010ac   0x0000000a   Code   RO          517    .text.HAL_GPIO_ReadPin  stm32f1xx_hal_gpio.o
    0x080010b6   0x080010b6   0x00000002   PAD
    0x080010b8   0x080010b8   0x0000000a   Code   RO          519    .text.HAL_GPIO_WritePin  stm32f1xx_hal_gpio.o
    0x080010c2   0x080010c2   0x00000002   PAD
    0x080010c4   0x080010c4   0x0000000c   Code   RO          413    .text.HAL_GetTick   stm32f1xx_hal.o
    0x080010d0   0x080010d0   0x00000176   Code   RO          267    .text.HAL_I2C_Init  stm32f1xx_hal_i2c.o
    0x08001246   0x08001246   0x00000002   PAD
    0x08001248   0x08001248   0x00000436   Code   RO          311    .text.HAL_I2C_Mem_Read  stm32f1xx_hal_i2c.o
    0x0800167e   0x0800167e   0x00000002   PAD
    0x08001680   0x08001680   0x000001da   Code   RO          307    .text.HAL_I2C_Mem_Write  stm32f1xx_hal_i2c.o
    0x0800185a   0x0800185a   0x00000002   PAD
    0x0800185c   0x0800185c   0x000000c0   Code   RO          150    .text.HAL_I2C_MspInit  i2c.o
    0x0800191c   0x0800191c   0x0000001a   Code   RO          411    .text.HAL_IncTick   stm32f1xx_hal.o
    0x08001936   0x08001936   0x00000002   PAD
    0x08001938   0x08001938   0x00000026   Code   RO          401    .text.HAL_Init      stm32f1xx_hal.o
    0x0800195e   0x0800195e   0x00000002   PAD
    0x08001960   0x08001960   0x00000048   Code   RO          403    .text.HAL_InitTick  stm32f1xx_hal.o
    0x080019a8   0x080019a8   0x00000042   Code   RO          221    .text.HAL_MspInit   stm32f1xx_hal_msp.o
    0x080019ea   0x080019ea   0x00000002   PAD
    0x080019ec   0x080019ec   0x00000056   Code   RO          571    .text.HAL_NVIC_SetPriority  stm32f1xx_hal_cortex.o
    0x08001a42   0x08001a42   0x00000002   PAD
    0x08001a44   0x08001a44   0x00000020   Code   RO          569    .text.HAL_NVIC_SetPriorityGrouping  stm32f1xx_hal_cortex.o
    0x08001a64   0x08001a64   0x000001be   Code   RO          465    .text.HAL_RCC_ClockConfig  stm32f1xx_hal_rcc.o
    0x08001c22   0x08001c22   0x00000002   PAD
    0x08001c24   0x08001c24   0x00000026   Code   RO          477    .text.HAL_RCC_GetPCLK1Freq  stm32f1xx_hal_rcc.o
    0x08001c4a   0x08001c4a   0x00000002   PAD
    0x08001c4c   0x08001c4c   0x00000026   Code   RO          479    .text.HAL_RCC_GetPCLK2Freq  stm32f1xx_hal_rcc.o
    0x08001c72   0x08001c72   0x00000002   PAD
    0x08001c74   0x08001c74   0x000003b4   Code   RO          463    .text.HAL_RCC_OscConfig  stm32f1xx_hal_rcc.o
    0x08002028   0x08002028   0x0000002c   Code   RO          581    .text.HAL_SYSTICK_Config  stm32f1xx_hal_cortex.o
    0x08002054   0x08002054   0x0000007a   Code   RO         1028    .text.HAL_TIMEx_MasterConfigSynchronization  stm32f1xx_hal_tim_ex.o
    0x080020ce   0x080020ce   0x00000002   PAD
    0x080020d0   0x080020d0   0x000000ec   Code   RO          734    .text.HAL_TIM_Base_Init  stm32f1xx_hal_tim.o
    0x080021bc   0x080021bc   0x00000032   Code   RO          166    .text.HAL_TIM_Base_MspInit  tim.o
    0x080021ee   0x080021ee   0x00000002   PAD
    0x080021f0   0x080021f0   0x00000066   Code   RO          744    .text.HAL_TIM_Base_Start  stm32f1xx_hal_tim.o
    0x08002256   0x08002256   0x00000002   PAD
    0x08002258   0x08002258   0x00000034   Code   RO          746    .text.HAL_TIM_Base_Stop  stm32f1xx_hal_tim.o
    0x0800228c   0x0800228c   0x00000192   Code   RO          914    .text.HAL_TIM_ConfigClockSource  stm32f1xx_hal_tim.o
    0x0800241e   0x0800241e   0x00000002   PAD
    0x08002420   0x08002420   0x000000dc   Code   RO         1052    .text.HAL_UART_Init  stm32f1xx_hal_uart.o
    0x080024fc   0x080024fc   0x0000007a   Code   RO          183    .text.HAL_UART_MspInit  usart.o
    0x08002576   0x08002576   0x00000002   PAD
    0x08002578   0x08002578   0x000001b0   Code   RO         1066    .text.HAL_UART_Transmit  stm32f1xx_hal_uart.o
    0x08002728   0x08002728   0x00000002   Code   RO          198    .text.HardFault_Handler  stm32f1xx_it.o
    0x0800272a   0x0800272a   0x00000002   PAD
    0x0800272c   0x0800272c   0x0000031e   Code   RO          313    .text.I2C_RequestMemoryRead  stm32f1xx_hal_i2c.o
    0x08002a4a   0x08002a4a   0x00000002   PAD
    0x08002a4c   0x08002a4c   0x00000272   Code   RO          309    .text.I2C_RequestMemoryWrite  stm32f1xx_hal_i2c.o
    0x08002cbe   0x08002cbe   0x00000002   PAD
    0x08002cc0   0x08002cc0   0x000000a8   Code   RO          279    .text.I2C_WaitOnBTFFlagUntilTimeout  stm32f1xx_hal_i2c.o
    0x08002d68   0x08002d68   0x00000150   Code   RO          277    .text.I2C_WaitOnFlagUntilTimeout  stm32f1xx_hal_i2c.o
    0x08002eb8   0x08002eb8   0x000000b8   Code   RO          391    .text.I2C_WaitOnMasterAddressFlagUntilTimeout  stm32f1xx_hal_i2c.o
    0x08002f70   0x08002f70   0x000000c0   Code   RO          230    .text.MOTOR_CONTROL  motor.o
    0x08003030   0x08003030   0x0000009c   Code   RO          137    .text.MX_GPIO_Init  gpio.o
    0x080030cc   0x080030cc   0x00000042   Code   RO          146    .text.MX_I2C1_Init  i2c.o
    0x0800310e   0x0800310e   0x00000002   PAD
    0x08003110   0x08003110   0x00000042   Code   RO          148    .text.MX_I2C2_Init  i2c.o
    0x08003152   0x08003152   0x00000002   PAD
    0x08003154   0x08003154   0x00000076   Code   RO          164    .text.MX_TIM1_Init  tim.o
    0x080031ca   0x080031ca   0x00000002   PAD
    0x080031cc   0x080031cc   0x0000003c   Code   RO          181    .text.MX_USART1_UART_Init  usart.o
    0x08003208   0x08003208   0x00000002   Code   RO          200    .text.MemManage_Handler  stm32f1xx_it.o
    0x0800320a   0x0800320a   0x00000002   PAD
    0x0800320c   0x0800320c   0x00000012   Code   RO          245    .text.MotorExecution  motorexecution.o
    0x0800321e   0x0800321e   0x00000002   PAD
    0x08003220   0x08003220   0x00000002   Code   RO          196    .text.NMI_Handler   stm32f1xx_it.o
    0x08003222   0x08003222   0x00000002   PAD
    0x08003224   0x08003224   0x000000ac   Code   RO           47    .text.OLED_Clear    oled.o
    0x080032d0   0x080032d0   0x00000010   Code   RO           45    .text.OLED_Init     oled.o
    0x080032e0   0x080032e0   0x000003c6   Code   RO           61    .text.OLED_ShowChar  oled.o
    0x080036a6   0x080036a6   0x00000002   PAD
    0x080036a8   0x080036a8   0x0000014e   Code   RO           65    .text.OLED_ShowChinese  oled.o
    0x080037f6   0x080037f6   0x00000002   PAD
    0x080037f8   0x080037f8   0x0000010e   Code   RO           59    .text.OLED_ShowNum  oled.o
    0x08003906   0x08003906   0x00000002   PAD
    0x08003908   0x08003908   0x00000002   Code   RO          210    .text.PendSV_Handler  stm32f1xx_it.o
    0x0800390a   0x0800390a   0x00000002   PAD
    0x0800390c   0x0800390c   0x00000002   Code   RO          206    .text.SVC_Handler   stm32f1xx_it.o
    0x0800390e   0x0800390e   0x00000002   PAD
    0x08003910   0x08003910   0x00000042   Code   RO          232    .text.StepMotor_Start  motor.o
    0x08003952   0x08003952   0x00000002   PAD
    0x08003954   0x08003954   0x0000003e   Code   RO          234    .text.StepMotor_Stop  motor.o
    0x08003992   0x08003992   0x00000002   PAD
    0x08003994   0x08003994   0x00000004   Code   RO          212    .text.SysTick_Handler  stm32f1xx_it.o
    0x08003998   0x08003998   0x00000002   Code   RO         1170    .text.SystemInit    system_stm32f1xx.o
    0x0800399a   0x0800399a   0x00000002   PAD
    0x0800399c   0x0800399c   0x00000002   Code   RO          204    .text.UsageFault_Handler  stm32f1xx_it.o
    0x0800399e   0x0800399e   0x00000002   PAD
    0x080039a0   0x080039a0   0x0000025e   Code   RO           39    .text.WriteCmd      oled.o
    0x08003bfe   0x08003bfe   0x00000002   PAD
    0x08003c00   0x08003c00   0x00000010   Code   RO           87    .text.addHeat       addheat.o
    0x08003c10   0x08003c10   0x000002a2   Code   RO           97    .text.bmp280_init   bmp280.o
    0x08003eb2   0x08003eb2   0x00000002   PAD
    0x08003eb4   0x08003eb4   0x0000000e   Code   RO           95    .text.bmp280_init_default_params  bmp280.o
    0x08003ec2   0x08003ec2   0x00000002   PAD
    0x08003ec4   0x08003ec4   0x00000288   Code   RO          105    .text.bmp280_read_fixed  bmp280.o
    0x0800414c   0x0800414c   0x0000005a   Code   RO          107    .text.bmp280_read_float  bmp280.o
    0x080041a6   0x080041a6   0x00000002   PAD
    0x080041a8   0x080041a8   0x0000059c   Code   RO          119    .text.main          main.o
    0x08004744   0x08004744   0x000000fe   Code   RO           99    .text.read_hum_calibration_data  bmp280.o
    0x08004842   0x08004842   0x00000002   PAD
    0x08004844   0x08004844   0x00000040   Code   RO          109    .text.read_register16  bmp280.o
    0x08004884   0x08004884   0x00000024   Code   RO           79    .text.warning       warning.o
    0x080048a8   0x080048a8   0x00000028   Code   RO         1424    i.__0sprintf        mc_w.l(printfa.o)
    0x080048d0   0x080048d0   0x0000000e   Code   RO         1533    i.__scatterload_copy  mc_w.l(handlers.o)
    0x080048de   0x080048de   0x00000002   Code   RO         1534    i.__scatterload_null  mc_w.l(handlers.o)
    0x080048e0   0x080048e0   0x0000000e   Code   RO         1535    i.__scatterload_zeroinit  mc_w.l(handlers.o)
    0x080048ee   0x080048ee   0x00000002   PAD
    0x080048f0   0x080048f0   0x00000184   Code   RO         1429    i._fp_digits        mc_w.l(printfa.o)
    0x08004a74   0x08004a74   0x000006dc   Code   RO         1430    i._printf_core      mc_w.l(printfa.o)
    0x08005150   0x08005150   0x00000024   Code   RO         1431    i._printf_post_padding  mc_w.l(printfa.o)
    0x08005174   0x08005174   0x0000002e   Code   RO         1432    i._printf_pre_padding  mc_w.l(printfa.o)
    0x080051a2   0x080051a2   0x0000000a   Code   RO         1434    i._sputc            mc_w.l(printfa.o)
    0x080051ac   0x080051ac   0x00000002   Data   RO          490    .rodata..L__const.HAL_RCC_GetSysClockFreq.aPredivFactorTable  stm32f1xx_hal_rcc.o
    0x080051ae   0x080051ae   0x00000010   Data   RO         1175    .rodata.AHBPrescTable  system_stm32f1xx.o
    0x080051be   0x080051be   0x00000008   Data   RO         1176    .rodata.APBPrescTable  system_stm32f1xx.o
    0x080051c6   0x080051c6   0x00000228   Data   RO           67    .rodata.F6x8        oled.o
    0x080053ee   0x080053ee   0x000005e0   Data   RO           68    .rodata.F8X16       oled.o
    0x080059ce   0x080059ce   0x000023dc   Data   RO           69    .rodata.Hzk         oled.o
    0x08007daa   0x08007daa   0x00000010   Data   RO          489    .rodata.cst16       stm32f1xx_hal_rcc.o
    0x08007dba   0x08007dba   0x00000012   Data   RO          126    .rodata.str1.1      main.o
    0x08007dcc   0x08007dcc   0x00000020   Data   RO         1532    Region$$Table       anon$$obj.o


    Execution Region RW_IRAM1 (Exec base: 0x20000000, Load base: 0x08007df0, Size: 0x000006a8, Max: 0x00005000, ABSOLUTE)

    Exec Addr    Load Addr    Size         Type   Attr      Idx    E Section Name        Object

    0x20000000   0x08007df0   0x00000008   Data   RW          452    .data..L_MergedGlobals  stm32f1xx_hal.o
    0x20000008   0x08007df8   0x0000001b   Data   RW           70    .data.CMD_Data      oled.o
    0x20000023   0x08007e13   0x00000001   PAD
    0x20000024   0x08007e14   0x00000004   Data   RW         1174    .data.SystemCoreClock  system_stm32f1xx.o
    0x20000028        -       0x00000044   Zero   RW          128    .bss..L_MergedGlobals  main.o
    0x2000006c        -       0x00000001   Zero   RW          236    .bss.MOTOR_CONTROL.step  motor.o
    0x2000006d   0x08007e18   0x00000003   PAD
    0x20000070        -       0x00000100   Zero   RW          125    .bss.dataValue      main.o
    0x20000170        -       0x00000054   Zero   RW          154    .bss.hi2c1          i2c.o
    0x200001c4        -       0x00000054   Zero   RW          155    .bss.hi2c2          i2c.o
    0x20000218        -       0x00000048   Zero   RW          172    .bss.htim1          tim.o
    0x20000260        -       0x00000044   Zero   RW          187    .bss.huart1         usart.o
    0x200002a4        -       0x00000004   Zero   RW          451    .bss.uwTick         stm32f1xx_hal.o
    0x200002a8        -       0x00000400   Zero   RW            1    STACK               startup_stm32f103xb.o


==============================================================================

Image component sizes


      Code (inc. data)   RO Data    RW Data    ZI Data      Debug   Object Name

        16          0          0          0          0       1064   addheat.o
      1744          0          0          0          0      12863   bmp280.o
      1016          0          0          0          0       4381   ds18b20.o
       156          0          0          0          0       1586   gpio.o
       324          0          0          0        168       4661   i2c.o
      1446        148         18          0        324       7611   main.o
       320         32          0          0          1       1807   motor.o
        18          0          0          0          0        478   motorexecution.o
      2364          0      11236         27          0       9867   oled.o
        36          8        236          0       1024        796   startup_stm32f103xb.o
       188          0          0          8          4       5750   stm32f1xx_hal.o
       162          0          0          0          0       8476   stm32f1xx_hal_cortex.o
       550         22          0          0          0       4596   stm32f1xx_hal_gpio.o
      4038          0          0          0          0      53249   stm32f1xx_hal_i2c.o
        66          0          0          0          0       1204   stm32f1xx_hal_msp.o
      1470          0         18          0          0       7650   stm32f1xx_hal_rcc.o
       792          0          0          0          0      54315   stm32f1xx_hal_tim.o
       122          0          0          0          0      20421   stm32f1xx_hal_tim_ex.o
       652          0          0          0          0      23589   stm32f1xx_hal_uart.o
        20          0          0          0          0       1157   stm32f1xx_it.o
         2          0         24          4          0       1630   system_stm32f1xx.o
       260          0          0          0         72       4945   tim.o
       182          0          0          0         68       4215   usart.o
        36          0          0          0          0       1073   warning.o

    ----------------------------------------------------------------------
     16072        210      11564         40       1664     237384   Object Totals
         0          0         32          0          0          0   (incl. Generated)
        92          0          0          1          3          0   (incl. Padding)

    ----------------------------------------------------------------------

      Code (inc. data)   RO Data    RW Data    ZI Data      Debug   Library Member Name

         0          0          0          0          0          0   entry.o
         0          0          0          0          0          0   entry10a.o
         0          0          0          0          0          0   entry11a.o
         8          4          0          0          0          0   entry2.o
         4          0          0          0          0          0   entry5.o
         0          0          0          0          0          0   entry7b.o
         0          0          0          0          0          0   entry8b.o
         8          4          0          0          0          0   entry9a.o
        30          0          0          0          0          0   handlers.o
        36          8          0          0          0         68   init.o
         0          0          0          0          0          0   iusefp.o
        98          0          0          0          0         84   ldiv.o
        30          0          0          0          0         68   llshl.o
        36          0          0          0          0         68   llsshr.o
        32          0          0          0          0         68   llushr.o
      2276         86          0          0          0        520   printfa.o
        44          0          0          0          0         80   uidiv.o
        98          0          0          0          0         92   uldiv.o
        48          0          0          0          0         68   cdrcmple.o
        56          0          0          0          0         88   d2f.o
       334          0          0          0          0        148   dadd.o
       222          0          0          0          0        100   ddiv.o
       186          0          0          0          0        176   depilogue.o
        62          0          0          0          0         80   dfixi.o
        48          0          0          0          0         68   dfixul.o
        34          0          0          0          0         76   dflti.o
        26          0          0          0          0         76   dfltui.o
       228          0          0          0          0         96   dmul.o
        38          0          0          0          0         68   f2d.o
       176          0          0          0          0        140   fadd.o
        28          0          0          0          0         68   fcmpge.o
       124          0          0          0          0         88   fdiv.o
       110          0          0          0          0        168   fepilogue.o
        50          0          0          0          0         68   ffixi.o
        18          0          0          0          0         68   fflti.o
        10          0          0          0          0         68   ffltui.o
       100          0          0          0          0         76   fmul.o

    ----------------------------------------------------------------------
      4600        102          0          0          0       2836   Library Totals
         2          0          0          0          0          0   (incl. Padding)

    ----------------------------------------------------------------------

      Code (inc. data)   RO Data    RW Data    ZI Data      Debug   Library Name

      2700        102          0          0          0       1048   mc_w.l
      1898          0          0          0          0       1788   mf_w.l

    ----------------------------------------------------------------------
      4600        102          0          0          0       2836   Library Totals

    ----------------------------------------------------------------------

==============================================================================


      Code (inc. data)   RO Data    RW Data    ZI Data      Debug   

     20672        312      11564         40       1664     238424   Grand Totals
     20672        312      11564         40       1664     238424   ELF Image Totals
     20672        312      11564         40          0          0   ROM Totals

==============================================================================

    Total RO  Size (Code + RO Data)                32236 (  31.48kB)
    Total RW  Size (RW Data + ZI Data)              1704 (   1.66kB)
    Total ROM Size (Code + RO Data + RW Data)      32276 (  31.52kB)

==============================================================================

